Component: ARM Compiler 5.06 update 7 (build 960) Tool: armlink [4d3601]

==============================================================================

Section Cross References

    main.o(.text) refers to _printf_percent.o(.ARM.Collect$$_printf_percent$$00000000) for _printf_percent
    main.o(.text) refers to _printf_f.o(.ARM.Collect$$_printf_percent$$00000003) for _printf_f
    main.o(.text) refers to printf1.o(x$fpl$printf1) for _printf_fp_dec
    main.o(.text) refers to _printf_d.o(.ARM.Collect$$_printf_percent$$00000009) for _printf_d
    main.o(.text) refers to _printf_dec.o(.text) for _printf_int_dec
    main.o(.text) refers to _printf_s.o(.ARM.Collect$$_printf_percent$$00000014) for _printf_s
    main.o(.text) refers to _printf_str.o(.text) for _printf_str
    main.o(.text) refers to delay.o(.text) for delay_ms
    main.o(.text) refers to ff.o(.text) for f_open
    main.o(.text) refers to control.o(.text) for MahonyAHRSupdateIMU
    main.o(.text) refers to os_mutex.o(.text) for OSMutexPend
    main.o(.text) refers to ano_tc.o(.text) for ANO_TC_Send03
    main.o(.text) refers to f2d.o(x$fpl$f2d) for __aeabi_f2d
    main.o(.text) refers to noretval__2sprintf.o(.text) for __2sprintf
    main.o(.text) refers to strlen.o(.text) for strlen
    main.o(.text) refers to os_sem.o(.text) for OSSemPost
    main.o(.text) refers to spl06_001.o(.text) for user_spl0601_get_presure
    main.o(.text) refers to pow.o(i.__hardfp_pow) for __hardfp_pow
    main.o(.text) refers to daddsub_clz.o(x$fpl$drsb) for __aeabi_drsub
    main.o(.text) refers to dmul.o(x$fpl$dmul) for __aeabi_dmul
    main.o(.text) refers to d2f.o(x$fpl$d2f) for __aeabi_d2f
    main.o(.text) refers to pwm.o(.text) for TIM3_PWM_Init
    main.o(.text) refers to noretval__2printf.o(.text) for __2printf
    main.o(.text) refers to sdio_sdcard.o(.text) for SD_Init
    main.o(.text) refers to malloc.o(.text) for my_mem_init
    main.o(.text) refers to exfuns.o(.text) for exfuns_init
    main.o(.text) refers to main.o(.bss) for .bss
    main.o(.text) refers to exfuns.o(.data) for file
    main.o(.text) refers to fdilink.o(.bss) for IMUData
    main.o(.text) refers to main.o(.data) for .data
    main.o(.text) refers to control.o(.data) for AHRS_Roll
    main.o(.text) refers to exfuns.o(.data) for bw
    main.o(.text) refers to adc.o(.bss) for ADC_Value_Buffer
    main.o(.text) refers to sdio_sdcard.o(.bss) for SDCardInfo
    main.o(.text) refers to exfuns.o(.bss) for fs
    main.o(.text) refers to strrchr.o(.text) for strrchr
    main.o(.text) refers to strcasecmp.o(.text) for strcasecmp
    main.o(.text) refers to led.o(.text) for LED_Init
    main.o(.text) refers to iic.o(.text) for IIC_Init
    main.o(.text) refers to adc.o(.text) for Adc_Init
    main.o(.text) refers to imu_uart.o(.text) for Initial_UART3
    main.o(.text) refers to gnss.o(.text) for Initial_UART4
    main.o(.text) refers to os_task.o(.text) for OSTaskCreate
    main.o(.text) refers to wdg.o(.text) for IWDG_Init
    main.o(.text) refers to cpu_a.o(.text) for CPU_SR_Save
    main.o(.text) refers to misc.o(.text) for NVIC_PriorityGroupConfig
    main.o(.text) refers to usart.o(.text) for usart_init
    main.o(.text) refers to os_core.o(.text) for OSInit
    main.o(.text) refers to stm32f4xx_gpio.o(.text) for GPIO_SetBits
    system_stm32f4xx.o(.text) refers to system_stm32f4xx.o(.data) for .data
    control.o(.text) refers to f2d.o(x$fpl$f2d) for __aeabi_f2d
    control.o(.text) refers to sqrt.o(i.__hardfp_sqrt) for __hardfp_sqrt
    control.o(.text) refers to d2f.o(x$fpl$d2f) for __aeabi_d2f
    control.o(.text) refers to control.o(.data) for .data
    control.o(.text) refers to control.o(.bss) for .bss
    control.o(.text) refers to asin.o(i.__hardfp_asin) for __hardfp_asin
    control.o(.text) refers to dmul.o(x$fpl$dmul) for __aeabi_dmul
    control.o(.text) refers to ddiv.o(x$fpl$ddiv) for __aeabi_ddiv
    control.o(.text) refers to atan2.o(i.__hardfp_atan2) for __hardfp_atan2
    control.o(.text) refers to elrs.o(.data) for aircraft_take_off
    control.o(.text) refers to stm32f4xx_rcc.o(.text) for RCC_APB1PeriphClockCmd
    control.o(.text) refers to stm32f4xx_tim.o(.text) for TIM_TimeBaseInit
    control.o(.text) refers to misc.o(.text) for NVIC_Init
    control.o(.text) refers to os_core.o(.text) for OSIntEnter
    ano_tc.o(.text) refers to usart.o(.text) for UsartSendByte
    led.o(.text) refers to stm32f4xx_rcc.o(.text) for RCC_AHB1PeriphClockCmd
    led.o(.text) refers to stm32f4xx_gpio.o(.text) for GPIO_Init
    led.o(.text) refers to delay.o(.text) for delay_ms
    led.o(.text) refers to stm32f4xx_syscfg.o(.text) for SYSCFG_EXTILineConfig
    led.o(.text) refers to stm32f4xx_exti.o(.text) for EXTI_Init
    led.o(.text) refers to misc.o(.text) for NVIC_Init
    led.o(.text) refers to os_core.o(.text) for OSIntEnter
    led.o(.text) refers to led.o(.data) for .data
    pwm.o(.text) refers to stm32f4xx_rcc.o(.text) for RCC_APB1PeriphClockCmd
[...]
    OSMutexPost                              0x0800dd45   Thumb Code   278  os_mutex.o(.text)
    OS_MutexInit                             0x0800de5b   Thumb Code    14  os_mutex.o(.text)
    OS_PrioInit                              0x0800de81   Thumb Code    18  os_prio.o(.text)
    OS_PrioGetHighest                        0x0800de93   Thumb Code    32  os_prio.o(.text)
    OS_PrioInsert                            0x0800deb3   Thumb Code    28  os_prio.o(.text)
    OS_PrioRemove                            0x0800decf   Thumb Code    28  os_prio.o(.text)
    OS_QDbgListAdd                           0x0800def1   Thumb Code    26  os_q.o(.text)
    OSQCreate                                0x0800df0b   Thumb Code   100  os_q.o(.text)
    OS_QClr                                  0x0800df6f   Thumb Code    40  os_q.o(.text)
    OS_QDbgListRemove                        0x0800df97   Thumb Code    36  os_q.o(.text)
    OSQDel                                   0x0800dfbb   Thumb Code   224  os_q.o(.text)
    OSQFlush                                 0x0800e09b   Thumb Code    76  os_q.o(.text)
    OSQPend                                  0x0800e0e7   Thumb Code   318  os_q.o(.text)
    OSQPendAbort                             0x0800e225   Thumb Code   208  os_q.o(.text)
    OS_QPost                                 0x0800e2f5   Thumb Code   128  os_q.o(.text)
    OSQPost                                  0x0800e375   Thumb Code   116  os_q.o(.text)
    OS_QInit                                 0x0800e3e9   Thumb Code    14  os_q.o(.text)
    OS_SemDbgListAdd                         0x0800e405   Thumb Code    26  os_sem.o(.text)
    OSSemCreate                              0x0800e41f   Thumb Code    86  os_sem.o(.text)
    OS_SemClr                                0x0800e475   Thumb Code    22  os_sem.o(.text)
    OS_SemDbgListRemove                      0x0800e48b   Thumb Code    36  os_sem.o(.text)
    OSSemDel                                 0x0800e4af   Thumb Code   224  os_sem.o(.text)
    OSSemPend                                0x0800e58f   Thumb Code   292  os_sem.o(.text)
    OSSemPendAbort                           0x0800e6b3   Thumb Code   170  os_sem.o(.text)
    OS_SemPost                               0x0800e75d   Thumb Code   172  os_sem.o(.text)
    OSSemPost                                0x0800e809   Thumb Code    78  os_sem.o(.text)
    OSSemSet                                 0x0800e857   Thumb Code    78  os_sem.o(.text)
    OS_SemInit                               0x0800e8a5   Thumb Code    14  os_sem.o(.text)
    OSTaskChangePrio                         0x0800e8c5   Thumb Code   176  os_task.o(.text)
    OS_TaskDbgListAdd                        0x0800e975   Thumb Code    30  os_task.o(.text)
    OS_TaskInitTCB                           0x0800e993   Thumb Code   180  os_task.o(.text)
    OSTaskCreate                             0x0800ea47   Thumb Code   318  os_task.o(.text)
    OS_TaskDbgListRemove                     0x0800eb85   Thumb Code    50  os_task.o(.text)
    OSTaskDel                                0x0800ebb7   Thumb Code   192  os_task.o(.text)
    OSTaskQFlush                             0x0800ec77   Thumb Code   106  os_task.o(.text)
    OSTaskQPend                              0x0800ece1   Thumb Code   308  os_task.o(.text)
    OSTaskQPendAbort                         0x0800ee15   Thumb Code   126  os_task.o(.text)
    OS_TaskQPost                             0x0800ee93   Thumb Code   138  os_task.o(.text)
    OSTaskQPost                              0x0800ef1d   Thumb Code    66  os_task.o(.text)
    OSTaskRegGet                             0x0800ef5f   Thumb Code    42  os_task.o(.text)
    OSTaskRegGetID                           0x0800ef89   Thumb Code    42  os_task.o(.text)
    OSTaskRegSet                             0x0800efb3   Thumb Code    40  os_task.o(.text)
    OS_TaskResume                            0x0800efdb   Thumb Code   168  os_task.o(.text)
    OSTaskResume                             0x0800f083   Thumb Code    60  os_task.o(.text)
    OSTaskSemPend                            0x0800f0bf   Thumb Code   294  os_task.o(.text)
    OSTaskSemPendAbort                       0x0800f1e5   Thumb Code   130  os_task.o(.text)
    OS_TaskSemPost                           0x0800f267   Thumb Code   148  os_task.o(.text)
    OSTaskSemPost                            0x0800f2fb   Thumb Code    44  os_task.o(.text)
    OSTaskSemSet                             0x0800f327   Thumb Code    52  os_task.o(.text)
    OSTaskStkChk                             0x0800f35b   Thumb Code   136  os_task.o(.text)
    OS_TaskSuspend                           0x0800f3e3   Thumb Code   144  os_task.o(.text)
    OSTaskSuspend                            0x0800f473   Thumb Code    28  os_task.o(.text)
    OS_TaskInit                              0x0800f48f   Thumb Code    18  os_task.o(.text)
    OS_TaskReturn                            0x0800f4a1   Thumb Code    20  os_task.o(.text)
    OS_TickListRemove                        0x0800f4d1   Thumb Code    54  os_tick.o(.text)
    OS_TickListUpdate                        0x0800f507   Thumb Code   260  os_tick.o(.text)
    OS_TickTask                              0x0800f60b   Thumb Code    36  os_tick.o(.text)
    OS_TickListInit                          0x0800f62f   Thumb Code    34  os_tick.o(.text)
    OS_TickTaskInit                          0x0800f651   Thumb Code   108  os_tick.o(.text)
    OS_TickListInsert                        0x0800f6bd   Thumb Code   202  os_tick.o(.text)
    OS_TickListResetPeak                     0x0800f787   Thumb Code    30  os_tick.o(.text)
    OSTimeDly                                0x0800f7e5   Thumb Code   128  os_time.o(.text)
    OSTimeDlyHMSM                            0x0800f865   Thumb Code   266  os_time.o(.text)
    OSTimeDlyResume                          0x0800f96f   Thumb Code   152  os_time.o(.text)
    OSTimeGet                                0x0800fa07   Thumb Code    24  os_time.o(.text)
    OSTimeSet                                0x0800fa1f   Thumb Code    24  os_time.o(.text)
    OSTimeTick                               0x0800fa37   Thumb Code    44  os_time.o(.text)
    OS_TmrDbgListAdd                         0x0800fa89   Thumb Code    22  os_tmr.o(.text)
    OSTmrCreate                              0x0800fa9f   Thumb Code   144  os_tmr.o(.text)
    OS_TmrClr                                0x0800fb2f   Thumb Code    34  os_tmr.o(.text)
    OS_TmrUnlink                             0x0800fb51   Thumb Code    68  os_tmr.o(.text)
    OS_TmrDbgListRemove                      0x0800fb95   Thumb Code    36  os_tmr.o(.text)
    OSTmrDel                                 0x0800fbb9   Thumb Code   134  os_tmr.o(.text)
    OSTmrRemainGet                           0x0800fc3f   Thumb Code   140  os_tmr.o(.text)
    OS_TmrLink                               0x0800fccb   Thumb Code   140  os_tmr.o(.text)
    OSTmrStart                               0x0800fd57   Thumb Code   122  os_tmr.o(.text)
    OSTmrStateGet                            0x0800fdd1   Thumb Code    86  os_tmr.o(.text)
    OSTmrStop                                0x0800fe27   Thumb Code   222  os_tmr.o(.text)
    OS_TmrTask                               0x0800ff05   Thumb Code   164  os_tmr.o(.text)
    OS_TmrInit                               0x0800ffa9   Thumb Code   160  os_tmr.o(.text)
    OS_TmrResetPeak                          0x08010049   Thumb Code    30  os_tmr.o(.text)
    OSIdleTaskHook                           0x080100bd   Thumb Code    12  os_cpu_c.o(.text)
    OSInitHook                               0x080100c9   Thumb Code    22  os_cpu_c.o(.text)
    OSStatTaskHook                           0x080100df   Thumb Code    12  os_cpu_c.o(.text)
    OSTaskCreateHook                         0x080100eb   Thumb Code    12  os_cpu_c.o(.text)
    OSTaskDelHook                            0x080100f7   Thumb Code    12  os_cpu_c.o(.text)
    OSTaskReturnHook                         0x08010103   Thumb Code    12  os_cpu_c.o(.text)
    OSTaskStkInit                            0x0801010f   Thumb Code   310  os_cpu_c.o(.text)
    OSTaskSwHook                             0x08010245   Thumb Code    72  os_cpu_c.o(.text)
    OSTimeTickHook                           0x0801028d   Thumb Code    12  os_cpu_c.o(.text)
    OS_CPU_SysTickHandler                    0x08010299   Thumb Code    30  os_cpu_c.o(.text)
    OS_CPU_SysTickInit                       0x080102b7   Thumb Code    36  os_cpu_c.o(.text)
    __use_no_semihosting                     0x0801031d   Thumb Code     2  use_no_semi_2.o(.text)
    __aeabi_uldivmod                         0x0801031f   Thumb Code     0  lludivv7m.o(.text)
    _ll_udiv                                 0x0801031f   Thumb Code   238  lludivv7m.o(.text)
    __aeabi_ldivmod                          0x0801040d   Thumb Code     0  llsdiv.o(.text)
    _ll_sdiv                                 0x0801040d   Thumb Code    72  llsdiv.o(.text)
    __2printf                                0x08010455   Thumb Code    20  noretval__2printf.o(.text)
    __2sprintf                               0x0801046d   Thumb Code    34  noretval__2sprintf.o(.text)
    _printf_str                              0x08010495   Thumb Code    82  _printf_str.o(.text)
    _printf_int_dec                          0x080104e9   Thumb Code   104  _printf_dec.o(.text)
    __printf                                 0x08010561   Thumb Code   270  __printf_wp.o(.text)
    strcpy                                   0x0801066f   Thumb Code    72  strcpy.o(.text)
    strcasecmp                               0x080106b7   Thumb Code    42  strcasecmp.o(.text)
    strrchr                                  0x080106e1   Thumb Code    22  strrchr.o(.text)
    strlen                                   0x080106f7   Thumb Code    62  strlen.o(.text)
    __aeabi_memcpy                           0x08010735   Thumb Code     0  rt_memcpy_v6.o(.text)
    __rt_memcpy                              0x08010735   Thumb Code   138  rt_memcpy_v6.o(.text)
    _memcpy_lastbytes                        0x0801079b   Thumb Code     0  rt_memcpy_v6.o(.text)
    strcmp                                   0x080107c1   Thumb Code   128  strcmpv7m.o(.text)
    __use_two_region_memory                  0x08010841   Thumb Code     2  heapauxi.o(.text)
    __rt_heap_escrow$2region                 0x08010843   Thumb Code     2  heapauxi.o(.text)
    __rt_heap_expand$2region                 0x08010845   Thumb Code     2  heapauxi.o(.text)
    __I$use$semihosting                      0x08010847   Thumb Code     0  use_no_semi.o(.text)
    __use_no_semihosting_swi                 0x08010847   Thumb Code     2  use_no_semi.o(.text)
    __read_errno                             0x08010849   Thumb Code    10  _rserrno.o(.text)
    __set_errno                              0x08010853   Thumb Code    12  _rserrno.o(.text)
    tolower                                  0x0801085f   Thumb Code    26  tolower.o(.text)
    _printf_int_common                       0x08010879   Thumb Code   178  _printf_intcommon.o(.text)
    __lib_sel_fp_printf                      0x0801092b   Thumb Code     2  _printf_fp_dec.o(.text)
    _printf_fp_dec_real                      0x08010add   Thumb Code   620  _printf_fp_dec.o(.text)
    _printf_char_common                      0x08010d53   Thumb Code    32  _printf_char_common.o(.text)
    _sputc                                   0x08010d79   Thumb Code    10  _sputc.o(.text)
    _printf_cs_common                        0x08010d83   Thumb Code    20  _printf_char.o(.text)
    _printf_char                             0x08010d97   Thumb Code    16  _printf_char.o(.text)
    _printf_string                           0x08010da7   Thumb Code     8  _printf_char.o(.text)
    _printf_char_file                        0x08010db1   Thumb Code    32  _printf_char_file.o(.text)
    __aeabi_memcpy4                          0x08010dd5   Thumb Code     0  rt_memcpy_w.o(.text)
    __aeabi_memcpy8                          0x08010dd5   Thumb Code     0  rt_memcpy_w.o(.text)
    __rt_memcpy_w                            0x08010dd5   Thumb Code   100  rt_memcpy_w.o(.text)
    _memcpy_lastbytes_aligned                0x08010e1d   Thumb Code     0  rt_memcpy_w.o(.text)
    __rt_ctype_table                         0x08010e39   Thumb Code    16  rt_ctype_table.o(.text)
    __rt_locale                              0x08010e49   Thumb Code     8  rt_locale_intlibspace.o(.text)
    __aeabi_errno_addr                       0x08010e51   Thumb Code     8  rt_errno_addr_intlibspace.o(.text)
    __errno$intlibspace                      0x08010e51   Thumb Code     0  rt_errno_addr_intlibspace.o(.text)
    __rt_errno_addr$intlibspace              0x08010e51   Thumb Code     0  rt_errno_addr_intlibspace.o(.text)
    _ll_udiv10                               0x08010e59   Thumb Code   138  lludiv10.o(.text)
    _printf_fp_infnan                        0x08010ee5   Thumb Code   112  _printf_fp_infnan.o(.text)
    _btod_etento                             0x08010f65   Thumb Code   224  bigflt0.o(.text)
    ferror                                   0x08011049   Thumb Code     8  ferror.o(.text)
    __user_libspace                          0x08011051   Thumb Code     8  libspace.o(.text)
    __user_perproc_libspace                  0x08011051   Thumb Code     0  libspace.o(.text)
    __user_perthread_libspace                0x08011051   Thumb Code     0  libspace.o(.text)
    __user_setup_stackheap                   0x08011059   Thumb Code    74  sys_stackheap_outer.o(.text)
    exit                                     0x080110a3   Thumb Code    18  exit.o(.text)
    _btod_d2e                                0x080110b5   Thumb Code    62  btod.o(CL$$btod_d2e)
    _d2e_denorm_low                          0x080110f3   Thumb Code    70  btod.o(CL$$btod_d2e_denorm_low)
    _d2e_norm_op1                            0x08011139   Thumb Code    96  btod.o(CL$$btod_d2e_norm_op1)
    __btod_div_common                        0x08011199   Thumb Code   696  btod.o(CL$$btod_div_common)
    _e2e                                     0x080114d1   Thumb Code   220  btod.o(CL$$btod_e2e)
    _btod_ediv                               0x080115ad   Thumb Code    42  btod.o(CL$$btod_ediv)
    _btod_emul                               0x080115d7   Thumb Code    42  btod.o(CL$$btod_emul)
    __btod_mult_common                       0x08011601   Thumb Code   580  btod.o(CL$$btod_mult_common)
    OSStartHighRdy                           0x08011845   Thumb Code     0  os_cpu_a.o(CODE)
    OSCtxSw                                  0x08011867   Thumb Code     0  os_cpu_a.o(CODE)
    OSIntCtxSw                               0x08011871   Thumb Code     0  os_cpu_a.o(CODE)
    PendSV_Handler                           0x0801187b   Thumb Code     0  os_cpu_a.o(CODE)
    __ARM_fpclassify                         0x080118f1   Thumb Code    48  fpclassify.o(i.__ARM_fpclassify)
    __hardfp_asin                            0x08011921   Thumb Code   770  asin.o(i.__hardfp_asin)
    __hardfp_atan                            0x08011c81   Thumb Code   622  atan.o(i.__hardfp_atan)
    __hardfp_atan2                           0x08011f59   Thumb Code   448  atan2.o(i.__hardfp_atan2)
    __hardfp_pow                             0x08012159   Thumb Code  3072  pow.o(i.__hardfp_pow)
    __hardfp_sqrt                            0x08012da9   Thumb Code   122  sqrt.o(i.__hardfp_sqrt)
    __kernel_poly                            0x08012e23   Thumb Code   248  poly.o(i.__kernel_poly)
    __mathlib_dbl_divzero                    0x08012f21   Thumb Code    28  dunder.o(i.__mathlib_dbl_divzero)
    __mathlib_dbl_infnan                     0x08012f51   Thumb Code    20  dunder.o(i.__mathlib_dbl_infnan)
    __mathlib_dbl_infnan2                    0x08012f65   Thumb Code    20  dunder.o(i.__mathlib_dbl_infnan2)
    __mathlib_dbl_invalid                    0x08012f79   Thumb Code    24  dunder.o(i.__mathlib_dbl_invalid)
    __mathlib_dbl_overflow                   0x08012f99   Thumb Code    24  dunder.o(i.__mathlib_dbl_overflow)
    __mathlib_dbl_underflow                  0x08012fb9   Thumb Code    24  dunder.o(i.__mathlib_dbl_underflow)
    _is_digit                                0x08012fd9   Thumb Code    14  __printf_wp.o(i._is_digit)
    atan                                     0x08012fe7   Thumb Code    16  atan.o(i.atan)
    fabs                                     0x08012ff7   Thumb Code    24  fabs.o(i.fabs)
    sqrt                                     0x0801300f   Thumb Code   110  sqrt.o(i.sqrt)
    _get_lc_numeric                          0x0801307d   Thumb Code    44  lc_numeric_c.o(locale$$code)
    _get_lc_ctype                            0x080130a9   Thumb Code    44  lc_ctype_c.o(locale$$code)
    __aeabi_dneg                             0x080130d5   Thumb Code     0  basic.o(x$fpl$basic)
    _dneg                                    0x080130d5   Thumb Code     6  basic.o(x$fpl$basic)
    __aeabi_fneg                             0x080130db   Thumb Code     0  basic.o(x$fpl$basic)
    _fneg                                    0x080130db   Thumb Code     6  basic.o(x$fpl$basic)
    _dabs                                    0x080130e1   Thumb Code     6  basic.o(x$fpl$basic)
    _fabs                                    0x080130e7   Thumb Code     6  basic.o(x$fpl$basic)
    __aeabi_d2f                              0x080130ed   Thumb Code     0  d2f.o(x$fpl$d2f)
    _d2f                                     0x080130ed   Thumb Code    98  d2f.o(x$fpl$d2f)
    __aeabi_dadd                             0x08013151   Thumb Code     0  daddsub_clz.o(x$fpl$dadd)
    _dadd                                    0x08013151   Thumb Code   332  daddsub_clz.o(x$fpl$dadd)
    __fpl_dcheck_NaN1                        0x080132a1   Thumb Code    10  dcheck1.o(x$fpl$dcheck1)
    __fpl_dcmp_Inf                           0x080132b1   Thumb Code    24  dcmpi.o(x$fpl$dcmpinf)
    __aeabi_ddiv                             0x080132c9   Thumb Code     0  ddiv.o(x$fpl$ddiv)
    _ddiv                                    0x080132c9   Thumb Code   552  ddiv.o(x$fpl$ddiv)
    __aeabi_cdcmpeq                          0x08013579   Thumb Code     0  deqf.o(x$fpl$deqf)
    _dcmpeq                                  0x08013579   Thumb Code   120  deqf.o(x$fpl$deqf)
    __aeabi_d2iz                             0x080135f1   Thumb Code     0  dfix.o(x$fpl$dfix)
    _dfix                                    0x080135f1   Thumb Code    94  dfix.o(x$fpl$dfix)
    __aeabi_d2uiz                            0x08013651   Thumb Code     0  dfixu.o(x$fpl$dfixu)
    _dfixu                                   0x08013651   Thumb Code    90  dfixu.o(x$fpl$dfixu)
    __aeabi_i2d                              0x080136ab   Thumb Code     0  dflt_clz.o(x$fpl$dflt)
    _dflt                                    0x080136ab   Thumb Code    46  dflt_clz.o(x$fpl$dflt)
    __aeabi_ui2d                             0x080136d9   Thumb Code     0  dflt_clz.o(x$fpl$dfltu)
    _dfltu                                   0x080136d9   Thumb Code    38  dflt_clz.o(x$fpl$dfltu)
    __aeabi_cdcmple                          0x08013701   Thumb Code     0  dleqf.o(x$fpl$dleqf)
    _dcmple                                  0x08013701   Thumb Code   120  dleqf.o(x$fpl$dleqf)
    __fpl_dcmple_InfNaN                      0x08013763   Thumb Code     0  dleqf.o(x$fpl$dleqf)
    __aeabi_dmul                             0x08013779   Thumb Code     0  dmul.o(x$fpl$dmul)
    _dmul                                    0x08013779   Thumb Code   332  dmul.o(x$fpl$dmul)
    __fpl_dnaninf                            0x080138cd   Thumb Code   156  dnaninf.o(x$fpl$dnaninf)
    __fpl_dretinf                            0x08013969   Thumb Code    12  dretinf.o(x$fpl$dretinf)
    __aeabi_cdrcmple                         0x08013975   Thumb Code     0  drleqf.o(x$fpl$drleqf)
    _drcmple                                 0x08013975   Thumb Code   108  drleqf.o(x$fpl$drleqf)
    __aeabi_drsub                            0x080139e1   Thumb Code     0  daddsub_clz.o(x$fpl$drsb)
    _drsb                                    0x080139e1   Thumb Code    22  daddsub_clz.o(x$fpl$drsb)
    _dsqrt                                   0x080139f9   Thumb Code   404  dsqrt_umaal.o(x$fpl$dsqrt)
    __aeabi_dsub                             0x08013b91   Thumb Code     0  daddsub_clz.o(x$fpl$dsub)
    _dsub                                    0x08013b91   Thumb Code   464  daddsub_clz.o(x$fpl$dsub)
    __aeabi_f2d                              0x08013d65   Thumb Code     0  f2d.o(x$fpl$f2d)
    _f2d                                     0x08013d65   Thumb Code    86  f2d.o(x$fpl$f2d)
    __fpl_fnaninf                            0x08013dbb   Thumb Code   140  fnaninf.o(x$fpl$fnaninf)
    _fp_init                                 0x08013e47   Thumb Code    10  fpinit.o(x$fpl$fpinit)
    __fplib_config_fpu_vfp                   0x08013e4f   Thumb Code     0  fpinit.o(x$fpl$fpinit)
    __fplib_config_pureend_doubles           0x08013e4f   Thumb Code     0  fpinit.o(x$fpl$fpinit)
    __fpl_fretinf                            0x08013e51   Thumb Code    10  fretinf.o(x$fpl$fretinf)
    _printf_fp_dec                           0x08013e5b   Thumb Code     4  printf1.o(x$fpl$printf1)
    __fpl_return_NaN                         0x08013e5f   Thumb Code   100  retnan.o(x$fpl$retnan)
    __ARM_scalbn                             0x08013ec3   Thumb Code    92  scalbn.o(x$fpl$scalbn)
    __fpl_cmpreturn                          0x08013f1f   Thumb Code    48  trapv.o(x$fpl$trapveneer)
    __I$use$fp                               0x08013f4e   Number         0  usenofp.o(x$fpl$usenofp)
    CRC8Table                                0x08013f50   Data         256  crc_table.o(.constdata)
    CRC16Table                               0x08014050   Data         512  crc_table.o(.constdata)
    CRC32Table                               0x08014250   Data        1024  crc_table.o(.constdata)
    FILE_TYPE_TBL                            0x08014650   Data         112  exfuns.o(.constdata)
    memtblsize                               0x0803f3c4   Data          12  malloc.o(.constdata)
    memblksize                               0x0803f3d0   Data          12  malloc.o(.constdata)
    memsize                                  0x0803f3dc   Data          12  malloc.o(.constdata)
    OSCfg_TickTaskPrio                       0x0803f57c   Data           1  os_cfg_app.o(.constdata)
    OSCfg_TmrTaskPrio                        0x0803f57d   Data           1  os_cfg_app.o(.constdata)
    OSCfg_MsgPoolSize                        0x0803f57e   Data           2  os_cfg_app.o(.constdata)
    OSCfg_TickWheelSize                      0x0803f580   Data           2  os_cfg_app.o(.constdata)
    OSCfg_TmrWheelSize                       0x0803f582   Data           2  os_cfg_app.o(.constdata)
    OSCfg_IdleTaskStkBasePtr                 0x0803f584   Data           4  os_cfg_app.o(.constdata)
    OSCfg_IdleTaskStkLimit                   0x0803f588   Data           4  os_cfg_app.o(.constdata)
    OSCfg_IdleTaskStkSize                    0x0803f58c   Data           4  os_cfg_app.o(.constdata)
    OSCfg_IdleTaskStkSizeRAM                 0x0803f590   Data           4  os_cfg_app.o(.constdata)
    OSCfg_ISRStkBasePtr                      0x0803f594   Data           4  os_cfg_app.o(.constdata)
    OSCfg_ISRStkSize                         0x0803f598   Data           4  os_cfg_app.o(.constdata)
    OSCfg_ISRStkSizeRAM                      0x0803f59c   Data           4  os_cfg_app.o(.constdata)
    OSCfg_MsgPoolSizeRAM                     0x0803f5a0   Data           4  os_cfg_app.o(.constdata)
    OSCfg_MsgPoolBasePtr                     0x0803f5a4   Data           4  os_cfg_app.o(.constdata)
    OSCfg_StkSizeMin                         0x0803f5a8   Data           4  os_cfg_app.o(.constdata)
    OSCfg_TickRate_Hz                        0x0803f5ac   Data           4  os_cfg_app.o(.constdata)
    OSCfg_TickTaskStkBasePtr                 0x0803f5b0   Data           4  os_cfg_app.o(.constdata)
    OSCfg_TickTaskStkLimit                   0x0803f5b4   Data           4  os_cfg_app.o(.constdata)
    OSCfg_TickTaskStkSize                    0x0803f5b8   Data           4  os_cfg_app.o(.constdata)
    OSCfg_TickTaskStkSizeRAM                 0x0803f5bc   Data           4  os_cfg_app.o(.constdata)
    OSCfg_TickWheelSizeRAM                   0x0803f5c0   Data           4  os_cfg_app.o(.constdata)
    OSCfg_TmrTaskRate_Hz                     0x0803f5c4   Data           4  os_cfg_app.o(.constdata)
    OSCfg_TmrTaskStkBasePtr                  0x0803f5c8   Data           4  os_cfg_app.o(.constdata)
    OSCfg_TmrTaskStkLimit                    0x0803f5cc   Data           4  os_cfg_app.o(.constdata)
    OSCfg_TmrTaskStkSize                     0x0803f5d0   Data           4  os_cfg_app.o(.constdata)
    OSCfg_TmrTaskStkSizeRAM                  0x0803f5d4   Data           4  os_cfg_app.o(.constdata)
    OSCfg_TmrWheelSizeRAM                    0x0803f5d8   Data           4  os_cfg_app.o(.constdata)
    OSCfg_DataSizeRAM                        0x0803f5dc   Data           4  os_cfg_app.o(.constdata)
    __mathlib_zero                           0x0803f750   Data           8  qnan.o(.constdata)
    Region$$Table$$Base                      0x0803f830   Number         0  anon$$obj.o(Region$$Table)
    Region$$Table$$Limit                     0x0803f850   Number         0  anon$$obj.o(Region$$Table)
    __ctype                                  0x0803f879   Data           0  lc_ctype_c.o(locale$$data)
    mem3base                                 0x10000000   Data       61440  malloc.o(.ARM.__AT_0x10000000)
    mem3mapbase                              0x1000f000   Data        3840  malloc.o(.ARM.__AT_0x1000F000)
    spl_presure                              0x20000004   Data           4  main.o(.data)
    spl_height                               0x20000008   Data           4  main.o(.data)
    battery_voltage                          0x2000000c   Data           4  main.o(.data)
    acc_x                                    0x20000010   Data           4  main.o(.data)
    acc_y                                    0x20000014   Data           4  main.o(.data)
    acc_z                                    0x20000018   Data           4  main.o(.data)
    gyro_x                                   0x2000001c   Data           4  main.o(.data)
    gyro_y                                   0x20000020   Data           4  main.o(.data)
    gyro_z                                   0x20000024   Data           4  main.o(.data)
    mag_x                                    0x20000028   Data           4  main.o(.data)
    mag_y                                    0x2000002c   Data           4  main.o(.data)
    mag_z                                    0x20000030   Data           4  main.o(.data)
    imu_T                                    0x20000034   Data           4  main.o(.data)
    imu_P                                    0x20000038   Data           4  main.o(.data)
    imu_PT                                   0x2000003c   Data           4  main.o(.data)
    ACCX_n                                   0x20000040   Data           4  main.o(.data)
    ACCY_n                                   0x20000044   Data           4  main.o(.data)
    ACCZ_n                                   0x20000048   Data           4  main.o(.data)
    roll_deg                                 0x2000004c   Data           4  main.o(.data)
    pitch_deg                                0x20000050   Data           4  main.o(.data)
    yaw_deg                                  0x20000054   Data           4  main.o(.data)
    imu_Timestamp                            0x20000058   Data           8  main.o(.data)
    SystemCoreClock                          0x20000060   Data           4  system_stm32f4xx.o(.data)
    AHBPrescTable                            0x20000064   Data          16  system_stm32f4xx.o(.data)
    twoKp                                    0x20000074   Data           4  control.o(.data)
    twoKi                                    0x20000078   Data           4  control.o(.data)
    q0                                       0x2000007c   Data           4  control.o(.data)
    q1                                       0x20000080   Data           4  control.o(.data)
    q2                                       0x20000084   Data           4  control.o(.data)
    q3                                       0x20000088   Data           4  control.o(.data)
    integralFBx                              0x2000008c   Data           4  control.o(.data)
    integralFBy                              0x20000090   Data           4  control.o(.data)
    integralFBz                              0x20000094   Data           4  control.o(.data)
    AHRS_Roll                                0x20000098   Data           4  control.o(.data)
    AHRS_Pitc                                0x2000009c   Data           4  control.o(.data)
    AHRS_Yawh                                0x200000a0   Data           4  control.o(.data)
    C_nb_11                                  0x200000a4   Data           4  control.o(.data)
    C_nb_12                                  0x200000a8   Data           4  control.o(.data)
    C_nb_13                                  0x200000ac   Data           4  control.o(.data)
    C_nb_21                                  0x200000b0   Data           4  control.o(.data)
    C_nb_22                                  0x200000b4   Data           4  control.o(.data)
    C_nb_23                                  0x200000b8   Data           4  control.o(.data)
    C_nb_31                                  0x200000bc   Data           4  control.o(.data)
    C_nb_32                                  0x200000c0   Data           4  control.o(.data)
    C_nb_33                                  0x200000c4   Data           4  control.o(.data)
    LED_PD12_state                           0x200000cc   Data           4  led.o(.data)
    TransferError                            0x200000d3   Data           1  sdio_sdcard.o(.data)
    TransferEnd                              0x200000d4   Data           1  sdio_sdcard.o(.data)
    tempbuff                                 0x200000dc   Data           4  sdio_sdcard.o(.data)
    ADC1_DMA_Size                            0x200000e0   Data           2  adc.o(.data)
    SIZEBUFF_ELRS                            0x200000e4   Data           1  elrs.o(.data)
    aircraft_take_off                        0x200000e5   Data           1  elrs.o(.data)
    ELRS_ch1                                 0x200000e8   Data           4  elrs.o(.data)
    ELRS_ch2                                 0x200000ec   Data           4  elrs.o(.data)
    ELRS_ch3                                 0x200000f0   Data           4  elrs.o(.data)
    ELRS_ch4                                 0x200000f4   Data           4  elrs.o(.data)
    ELRS_ch5                                 0x200000f8   Data           4  elrs.o(.data)
    ELRS_ch6                                 0x200000fc   Data           4  elrs.o(.data)
    ELRS_ch7                                 0x20000100   Data           4  elrs.o(.data)
    ELRS_ch8                                 0x20000104   Data           4  elrs.o(.data)
    SIZEBUFF_IMU                             0x20000108   Data           4  imu_uart.o(.data)
    Sysdata                                  0x2000010c   Data           4  fdilink.o(.data)
    TimeData                                 0x20000110   Data           8  fdilink.o(.data)
    SIZEBUFF_GNSS                            0x20000118   Data           4  gnss.o(.data)
    stc_COMM_RX_USART1                       0x20000131   Data           4  usart.o(.data)
    __stdout                                 0x20000138   Data           4  usart.o(.data)
    file                                     0x2000013c   Data           4  exfuns.o(.data)
    ftemp                                    0x20000140   Data           4  exfuns.o(.data)
    fatbuf                                   0x20000144   Data           4  exfuns.o(.data)
    bw                                       0x20000148   Data           4  exfuns.o(.data)
    mallco_dev                               0x20000150   Data          36  malloc.o(.data)
    CPU_TS_TmrFreq_Hz                        0x20000174   Data           4  cpu_core.o(.data)
    Mem_PoolTbl                              0x20000178   Data           4  lib_mem.o(.data)
    OSPrioTbl                                0x2000017c   Data           8  os_prio.o(.data)
    OS_AppTaskCreateHookPtr                  0x20000184   Data           4  os_var.o(.data)
    OS_AppTaskDelHookPtr                     0x20000188   Data           4  os_var.o(.data)
    OS_AppTaskReturnHookPtr                  0x2000018c   Data           4  os_var.o(.data)
    OS_AppIdleTaskHookPtr                    0x20000190   Data           4  os_var.o(.data)
    OS_AppStatTaskHookPtr                    0x20000194   Data           4  os_var.o(.data)
    OS_AppTaskSwHookPtr                      0x20000198   Data           4  os_var.o(.data)
    OS_AppTimeTickHookPtr                    0x2000019c   Data           4  os_var.o(.data)
    OSIdleTaskCtr                            0x200001a0   Data           4  os_var.o(.data)
    OSIntNestingCtr                          0x200001a4   Data           1  os_var.o(.data)
    OSRunning                                0x200001a5   Data           1  os_var.o(.data)
    OSFlagDbgListPtr                         0x200001a8   Data           4  os_var.o(.data)
    OSFlagQty                                0x200001ac   Data           2  os_var.o(.data)
    OSMemDbgListPtr                          0x200001b0   Data           4  os_var.o(.data)
    OSMemQty                                 0x200001b4   Data           2  os_var.o(.data)
    OSMutexDbgListPtr                        0x200001b8   Data           4  os_var.o(.data)
    OSMutexQty                               0x200001bc   Data           2  os_var.o(.data)
    OSPrioCur                                0x200001be   Data           1  os_var.o(.data)
    OSPrioHighRdy                            0x200001bf   Data           1  os_var.o(.data)
    OSPrioSaved                              0x200001c0   Data           1  os_var.o(.data)
    OSQDbgListPtr                            0x200001c4   Data           4  os_var.o(.data)
    OSQQty                                   0x200001c8   Data           2  os_var.o(.data)
    OSSchedLockTimeBegin                     0x200001cc   Data           4  os_var.o(.data)
    OSSchedLockTimeMax                       0x200001d0   Data           4  os_var.o(.data)
    OSSchedLockTimeMaxCur                    0x200001d4   Data           4  os_var.o(.data)
    OSSchedLockNestingCtr                    0x200001d8   Data           1  os_var.o(.data)
    OSSemDbgListPtr                          0x200001dc   Data           4  os_var.o(.data)
    OSSemQty                                 0x200001e0   Data           2  os_var.o(.data)
    OSTaskCtxSwCtr                           0x200001e4   Data           4  os_var.o(.data)
    OSTaskDbgListPtr                         0x200001e8   Data           4  os_var.o(.data)
    OSTaskQty                                0x200001ec   Data           2  os_var.o(.data)
    OSTaskRegNextAvailID                     0x200001ee   Data           1  os_var.o(.data)
    OSTickCtr                                0x200001f0   Data           4  os_var.o(.data)
    OSTickTaskTimeMax                        0x200001f4   Data           4  os_var.o(.data)
    OSTmrDbgListPtr                          0x200001f8   Data           4  os_var.o(.data)
    OSTmrQty                                 0x200001fc   Data           2  os_var.o(.data)
    OSTmrTaskTimeMax                         0x20000200   Data           4  os_var.o(.data)
    OSTmrTickCtr                             0x20000204   Data           4  os_var.o(.data)
    OSTmrUpdateCnt                           0x20000208   Data           4  os_var.o(.data)
    OSTmrUpdateCtr                           0x2000020c   Data           4  os_var.o(.data)
    OSTCBCurPtr                              0x20000210   Data           4  os_var.o(.data)
    OSTCBHighRdyPtr                          0x20000214   Data           4  os_var.o(.data)
    OS_CPU_ExceptStkBase                     0x20000218   Data           4  os_cpu_c.o(.data)
    Task_TCB_init                            0x2000021c   Data         196  main.o(.bss)
    Task_TCB_height                          0x200002e0   Data         196  main.o(.bss)
    Task_TCB_sd                              0x200003a4   Data         196  main.o(.bss)
    Task_TCB_arhs                            0x20000468   Data         196  main.o(.bss)
    Task_TCB_pid                             0x2000052c   Data         196  main.o(.bss)
    task_stk_init                            0x200005f0   Data         512  main.o(.bss)
    task_stk_height                          0x200007f0   Data         512  main.o(.bss)
    task_stk_sd                              0x200009f0   Data         512  main.o(.bss)
    task_stk_arhs                            0x20000bf0   Data        2048  main.o(.bss)
    task_stk_pid                             0x200013f0   Data         512  main.o(.bss)
    g_sem_sd                                 0x200015f0   Data          40  main.o(.bss)
    g_mutex_usart                            0x20001618   Data          44  main.o(.bss)
    kf_alt                                   0x20001644   Data          76  main.o(.bss)
    sd_buf                                   0x20001690   Data         256  main.o(.bss)
    sd_filename                              0x20001790   Data          20  main.o(.bss)
    w_last                                   0x200017a4   Data          12  control.o(.bss)
    PID_ROL_Angle                            0x200017b0   Data          56  control.o(.bss)
    PID_PIT_Angle                            0x200017e8   Data          56  control.o(.bss)
    PID_YAW_Angle                            0x20001820   Data          56  control.o(.bss)
    PID_ROL_Rate                             0x20001858   Data          56  control.o(.bss)
    PID_PIT_Rate                             0x20001890   Data          56  control.o(.bss)
    PID_YAW_Rate                             0x200018c8   Data          56  control.o(.bss)
    PID_Server_Posi                          0x20001900   Data          56  control.o(.bss)
    SDIO_InitStructure                       0x20001938   Data          24  sdio_sdcard.o(.bss)
    SDIO_CmdInitStructure                    0x20001950   Data          20  sdio_sdcard.o(.bss)
    SDIO_DataInitStructure                   0x20001964   Data          24  sdio_sdcard.o(.bss)
    SDCardInfo                               0x200019a0   Data          88  sdio_sdcard.o(.bss)
    SDIO_DATA_BUFFER                         0x200019f8   Data         512  sdio_sdcard.o(.bss)
    spl06                                    0x20001c10   Data          20  spl06_001.o(.bss)
    ADC_Value_Buffer                         0x20001c24   Data       12000  adc.o(.bss)
    DataA_ELRS                               0x20004b04   Data          26  elrs.o(.bss)
    DataA_IMU                                0x20004c50   Data         256  imu_uart.o(.bss)
    VersionData                              0x20004d50   Data          32  fdilink.o(.bss)
    IMUData                                  0x20004d70   Data          56  fdilink.o(.bss)
    AHRSData                                 0x20004da8   Data          48  fdilink.o(.bss)
    INSGPSData                               0x20004dd8   Data          88  fdilink.o(.bss)
    FTimeData                                0x20004e30   Data          16  fdilink.o(.bss)
    Posidata                                 0x20004e40   Data          12  fdilink.o(.bss)
    Velodata                                 0x20004e4c   Data          12  fdilink.o(.bss)
    Euledata                                 0x20004e58   Data          12  fdilink.o(.bss)
    Quatdata                                 0x20004e64   Data          16  fdilink.o(.bss)
    Raw_Sensor_data                          0x20004e74   Data          48  fdilink.o(.bss)
    Raw_GNSS_data                            0x20004ea8   Data          80  fdilink.o(.bss)
    Euler_data                               0x20004ef8   Data          12  fdilink.o(.bss)
    DataA_GNSS                               0x20004f04   Data        2000  gnss.o(.bss)
    gnss_nmea0183                            0x200056d4   Data         124  gnss.o(.bss)
    fs                                       0x2000584c   Data          12  exfuns.o(.bss)
    mem1base                                 0x20005880   Data       61440  malloc.o(.bss)
    mem1mapbase                              0x20014880   Data        3840  malloc.o(.bss)
    CPU_Name                                 0x20015780   Data          16  cpu_core.o(.bss)
    Mem_PoolHeap                             0x20015790   Data          72  lib_mem.o(.bss)
    Mem_Heap                                 0x200157d8   Data        1024  lib_mem.o(.bss)
    OSCfg_IdleTaskStk                        0x20015bd8   Data         512  os_cfg_app.o(.bss)
    OSCfg_ISRStk                             0x20015dd8   Data         512  os_cfg_app.o(.bss)
    OSCfg_MsgPool                            0x20015fd8   Data        1600  os_cfg_app.o(.bss)
    OSCfg_TickTaskStk                        0x20016618   Data         512  os_cfg_app.o(.bss)
    OSCfg_TickWheel                          0x20016818   Data         136  os_cfg_app.o(.bss)
    OSCfg_TmrTaskStk                         0x200168a0   Data         512  os_cfg_app.o(.bss)
    OSCfg_TmrWheel                           0x20016aa0   Data         136  os_cfg_app.o(.bss)
    OSIdleTaskTCB                            0x20016b28   Data         196  os_var.o(.bss)
    OSMsgPool                                0x20016bec   Data          12  os_var.o(.bss)
    OSRdyList                                0x20016bf8   Data         768  os_var.o(.bss)
    OSTickTaskTCB                            0x20016ef8   Data         196  os_var.o(.bss)
    OSTmrTaskTCB                             0x20016fbc   Data         196  os_var.o(.bss)
    __libspace_start                         0x20017080   Data          96  libspace.o(.bss)
    __temporary_stack_top$libspace           0x200170e0   Data           0  libspace.o(.bss)
    mem2base                                 0x68000000   Data       983040  malloc.o(.ARM.__AT_0x68000000)
    mem2mapbase                              0x680f0000   Data       61440  malloc.o(.ARM.__AT_0x680F0000)



==============================================================================

Memory Map of the image

  Image Entry point : 0x08000189

  Load Region LR_IROM1 (Base: 0x08000000, Size: 0x0003fb98, Max: 0x00080000, ABSOLUTE, COMPRESSED[0x0003f9d0])

    Execution Region ER_IROM1 (Exec base: 0x08000000, Load base: 0x08000000, Size: 0x0003f97c, Max: 0x00080000, ABSOLUTE)

    Exec Addr    Load Addr    Size         Type   Attr      Idx    E Section Name        Object

    0x08000000   0x08000000   0x00000188   Data   RO          816    RESET               startup_stm32f40_41xxx.o
    0x08000188   0x08000188   0x00000008   Code   RO         1946  * !!!main             c_w.l(__main.o)
    0x08000190   0x08000190   0x00000034   Code   RO         2341    !!!scatter          c_w.l(__scatter.o)
    0x080001c4   0x080001c4   0x0000005a   Code   RO         2339    !!dczerorl2         c_w.l(__dczerorl2.o)
    0x0800021e   0x0800021e   0x00000002   PAD
    0x08000220   0x08000220   0x0000001c   Code   RO         2343    !!handler_zi        c_w.l(__scatter_zi.o)
    0x0800023c   0x0800023c   0x00000000   Code   RO         1931    .ARM.Collect$$_printf_percent$$00000000  c_w.l(_printf_percent.o)
    0x0800023c   0x0800023c   0x00000006   Code   RO         1930    .ARM.Collect$$_printf_percent$$00000003  c_w.l(_printf_f.o)
    0x08000242   0x08000242   0x00000006   Code   RO         1929    .ARM.Collect$$_printf_percent$$00000009  c_w.l(_printf_d.o)
    0x08000248   0x08000248   0x00000006   Code   RO         1927    .ARM.Collect$$_printf_percent$$00000014  c_w.l(_printf_s.o)
    0x0800024e   0x0800024e   0x00000004   Code   RO         2055    .ARM.Collect$$_printf_percent$$00000017  c_w.l(_printf_percent_end.o)
    0x08000252   0x08000252   0x00000002   Code   RO         2210    .ARM.Collect$$libinit$$00000000  c_w.l(libinit.o)
    0x08000254   0x08000254   0x00000004   Code   RO         2211    .ARM.Collect$$libinit$$00000001  c_w.l(libinit2.o)
    0x08000258   0x08000258   0x00000000   Code   RO         2214    .ARM.Collect$$libinit$$00000004  c_w.l(libinit2.o)
    0x08000258   0x08000258   0x00000000   Code   RO         2217    .ARM.Collect$$libinit$$0000000A  c_w.l(libinit2.o)
    0x08000258   0x08000258   0x00000000   Code   RO         2219    .ARM.Collect$$libinit$$0000000C  c_w.l(libinit2.o)
    0x08000258   0x08000258   0x00000000   Code   RO         2221    .ARM.Collect$$libinit$$0000000E  c_w.l(libinit2.o)
    0x08000258   0x08000258   0x00000006   Code   RO         2222    .ARM.Collect$$libinit$$0000000F  c_w.l(libinit2.o)
    0x0800025e   0x0800025e   0x00000000   Code   RO         2224    .ARM.Collect$$libinit$$00000011  c_w.l(libinit2.o)
    0x0800025e   0x0800025e   0x0000000c   Code   RO         2225    .ARM.Collect$$libinit$$00000012  c_w.l(libinit2.o)
    0x0800026a   0x0800026a   0x00000000   Code   RO         2226    .ARM.Collect$$libinit$$00000013  c_w.l(libinit2.o)
    0x0800026a   0x0800026a   0x00000000   Code   RO         2228    .ARM.Collect$$libinit$$00000015  c_w.l(libinit2.o)
    0x0800026a   0x0800026a   0x0000000a   Code   RO         2229    .ARM.Collect$$libinit$$00000016  c_w.l(libinit2.o)
    0x08000274   0x08000274   0x00000000   Code   RO         2230    .ARM.Collect$$libinit$$00000017  c_w.l(libinit2.o)
    0x08000274   0x08000274   0x00000000   Code   RO         2232    .ARM.Collect$$libinit$$00000019  c_w.l(libinit2.o)
    0x08000274   0x08000274   0x00000000   Code   RO         2234    .ARM.Collect$$libinit$$0000001B  c_w.l(libinit2.o)
    0x08000274   0x08000274   0x00000000   Code   RO         2236    .ARM.Collect$$libinit$$0000001D  c_w.l(libinit2.o)
    0x08000274   0x08000274   0x00000000   Code   RO         2238    .ARM.Collect$$libinit$$0000001F  c_w.l(libinit2.o)
    0x08000274   0x08000274   0x00000000   Code   RO         2240    .ARM.Collect$$libinit$$00000021  c_w.l(libinit2.o)
    0x08000274   0x08000274   0x00000000   Code   RO         2242    .ARM.Collect$$libinit$$00000023  c_w.l(libinit2.o)
    0x08000274   0x08000274   0x00000000   Code   RO         2244    .ARM.Collect$$libinit$$00000025  c_w.l(libinit2.o)
    0x08000274   0x08000274   0x00000000   Code   RO         2248    .ARM.Collect$$libinit$$0000002C  c_w.l(libinit2.o)
    0x08000274   0x08000274   0x00000000   Code   RO         2250    .ARM.Collect$$libinit$$0000002E  c_w.l(libinit2.o)
    0x08000274   0x08000274   0x00000000   Code   RO         2252    .ARM.Collect$$libinit$$00000030  c_w.l(libinit2.o)
    0x08000274   0x08000274   0x00000000   Code   RO         2254    .ARM.Collect$$libinit$$00000032  c_w.l(libinit2.o)
    0x08000274   0x08000274   0x00000002   Code   RO         2255    .ARM.Collect$$libinit$$00000033  c_w.l(libinit2.o)
    0x08000276   0x08000276   0x00000002   Code   RO         2301    .ARM.Collect$$libshutdown$$00000000  c_w.l(libshutdown.o)
    0x08000278   0x08000278   0x00000000   Code   RO         2320    .ARM.Collect$$libshutdown$$00000002  c_w.l(libshutdown2.o)
    0x08000278   0x08000278   0x00000000   Code   RO         2322    .ARM.Collect$$libshutdown$$00000004  c_w.l(libshutdown2.o)
    0x08000278   0x08000278   0x00000000   Code   RO         2324    .ARM.Collect$$libshutdown$$00000006  c_w.l(libshutdown2.o)
    0x08000278   0x08000278   0x00000000   Code   RO         2327    .ARM.Collect$$libshutdown$$00000009  c_w.l(libshutdown2.o)
    0x08000278   0x08000278   0x00000000   Code   RO         2330    .ARM.Collect$$libshutdown$$0000000C  c_w.l(libshutdown2.o)
    0x08000278   0x08000278   0x00000000   Code   RO         2332    .ARM.Collect$$libshutdown$$0000000E  c_w.l(libshutdown2.o)
    0x08000278   0x08000278   0x00000000   Code   RO         2335    .ARM.Collect$$libshutdown$$00000011  c_w.l(libshutdown2.o)
    0x08000278   0x08000278   0x00000002   Code   RO         2336    .ARM.Collect$$libshutdown$$00000012  c_w.l(libshutdown2.o)
    0x0800027a   0x0800027a   0x00000000   Code   RO         2034    .ARM.Collect$$rtentry$$00000000  c_w.l(__rtentry.o)
    0x0800027a   0x0800027a   0x00000000   Code   RO         2119    .ARM.Collect$$rtentry$$00000002  c_w.l(__rtentry2.o)
    0x0800027a   0x0800027a   0x00000006   Code   RO         2131    .ARM.Collect$$rtentry$$00000004  c_w.l(__rtentry4.o)
    0x08000280   0x08000280   0x00000000   Code   RO         2121    .ARM.Collect$$rtentry$$00000009  c_w.l(__rtentry2.o)
    0x08000280   0x08000280   0x00000004   Code   RO         2122    .ARM.Collect$$rtentry$$0000000A  c_w.l(__rtentry2.o)
    0x08000284   0x08000284   0x00000000   Code   RO         2124    .ARM.Collect$$rtentry$$0000000C  c_w.l(__rtentry2.o)
    0x08000284   0x08000284   0x00000008   Code   RO         2125    .ARM.Collect$$rtentry$$0000000D  c_w.l(__rtentry2.o)
    0x0800028c   0x0800028c   0x00000002   Code   RO         2258    .ARM.Collect$$rtexit$$00000000  c_w.l(rtexit.o)
    0x0800028e   0x0800028e   0x00000000   Code   RO         2273    .ARM.Collect$$rtexit$$00000002  c_w.l(rtexit2.o)
    0x0800028e   0x0800028e   0x00000004   Code   RO         2274    .ARM.Collect$$rtexit$$00000003  c_w.l(rtexit2.o)
    0x08000292   0x08000292   0x00000006   Code   RO         2275    .ARM.Collect$$rtexit$$00000004  c_w.l(rtexit2.o)
    0x08000298   0x08000298   0x00000010   Code   RO         1140    .emb_text           sys.o
    0x080002a8   0x080002a8   0x00000a3c   Code   RO            3    .text               main.o
    0x08000ce4   0x08000ce4   0x0000017c   Code   RO          303    .text               system_stm32f4xx.o
    0x08000e60   0x08000e60   0x0000179a   Code   RO          426    .text               control.o
    0x080025fa   0x080025fa   0x00000002   PAD
    0x080025fc   0x080025fc   0x00000624   Code   RO          465    .text               ano_tc.o
    0x08002c20   0x08002c20   0x00000178   Code   RO          489    .text               led.o
    0x08002d98   0x08002d98   0x000002ac   Code   RO          512    .text               pwm.o
    0x08003044   0x08003044   0x0000002a   Code   RO          536    .text               wdg.o
    0x0800306e   0x0800306e   0x00000002   PAD
    0x08003070   0x08003070   0x000018b8   Code   RO          556    .text               sdio_sdcard.o
    0x08004928   0x08004928   0x00000344   Code   RO          584    .text               iic.o
    0x08004c6c   0x08004c6c   0x000004c2   Code   RO          605    .text               spl06_001.o
    0x0800512e   0x0800512e   0x00000002   PAD
    0x08005130   0x08005130   0x00000184   Code   RO          629    .text               adc.o
    0x080052b4   0x080052b4   0x0000023c   Code   RO          676    .text               elrs.o
    0x080054f0   0x080054f0   0x00000464   Code   RO          703    .text               imu_uart.o
    0x08005954   0x08005954   0x00000390   Code   RO          730    .text               fdilink.o
    0x08005ce4   0x08005ce4   0x00000070   Code   RO          760    .text               crc_table.o
    0x08005d54   0x08005d54   0x00000218   Code   RO          777    .text               gnss.o
    0x08005f6c   0x08005f6c   0x00000694   Code   RO          802    .text               nmea0183.o
    0x08006600   0x08006600   0x00000040   Code   RO          817    .text               startup_stm32f40_41xxx.o
    0x08006640   0x08006640   0x000000b0   Code   RO          823    .text               misc.o
    0x080066f0   0x080066f0   0x0000020c   Code   RO          869    .text               stm32f4xx_gpio.o
    0x080068fc   0x080068fc   0x00000480   Code   RO          889    .text               stm32f4xx_rcc.o
    0x08006d7c   0x08006d7c   0x0000007c   Code   RO          911    .text               stm32f4xx_syscfg.o
    0x08006df8   0x08006df8   0x00000358   Code   RO          931    .text               stm32f4xx_usart.o
    0x08007150   0x08007150   0x000009dc   Code   RO          974    .text               stm32f4xx_tim.o
    0x08007b2c   0x08007b2c   0x00000320   Code   RO          995    .text               stm32f4xx_dma.o
    0x08007e4c   0x08007e4c   0x000000e0   Code   RO         1015    .text               stm32f4xx_exti.o
    0x08007f2c   0x08007f2c   0x0000003c   Code   RO         1035    .text               stm32f4xx_iwdg.o
    0x08007f68   0x08007f68   0x000001b8   Code   RO         1055    .text               stm32f4xx_sdio.o
    0x08008120   0x08008120   0x0000000e   Code   RO         1075    .text               stm32f4xx_it.o
    0x0800812e   0x0800812e   0x00000002   PAD
    0x08008130   0x08008130   0x00000354   Code   RO         1098    .text               stm32f4xx_adc.o
    0x08008484   0x08008484   0x000000f8   Code   RO         1118    .text               delay.o
    0x0800857c   0x0800857c   0x00000164   Code   RO         1158    .text               usart.o
    0x080086e0   0x080086e0   0x00000128   Code   RO         1187    .text               exfuns.o
    0x08008808   0x08008808   0x000000c0   Code   RO         1259    .text               diskio.o
    0x080088c8   0x080088c8   0x000029a8   Code   RO         1283    .text               ff.o
    0x0800b270   0x0800b270   0x00000070   Code   RO         1300    .text               cc936.o
    0x0800b2e0   0x0800b2e0   0x000001c4   Code   RO         1325    .text               malloc.o
    0x0800b4a4   0x0800b4a4   0x00000068   Code   RO         1359    .text               bsp.o
    0x0800b50c   0x0800b50c   0x000001bc   Code   RO         1421    .text               cpu_core.o
    0x0800b6c8   0x0800b6c8   0x00000034   Code   RO         1449    .text               cpu_a.o
    0x0800b6fc   0x0800b6fc   0x0000015a   Code   RO         1452    .text               lib_ascii.o
    0x0800b856   0x0800b856   0x00000002   PAD
    0x0800b858   0x0800b858   0x00000668   Code   RO         1487    .text               lib_mem.o
    0x0800bec0   0x0800bec0   0x000005a8   Code   RO         1506    .text               lib_str.o
    0x0800c468   0x0800c468   0x00000220   Code   RO         1524    .text               lib_mem_a.o
    0x0800c688   0x0800c688   0x00000002   Code   RO         1527    .text               os_cfg_app.o
    0x0800c68a   0x0800c68a   0x00000002   PAD
    0x0800c68c   0x0800c68c   0x00000936   Code   RO         1569    .text               os_core.o
    0x0800cfc2   0x0800cfc2   0x00000002   Code   RO         1582    .text               os_dbg.o
    0x0800cfc4   0x0800cfc4   0x00000664   Code   RO         1599    .text               os_flag.o
    0x0800d628   0x0800d628   0x00000154   Code   RO         1618    .text               os_mem.o
    0x0800d77c   0x0800d77c   0x00000184   Code   RO         1630    .text               os_msg.o
    0x0800d900   0x0800d900   0x00000580   Code   RO         1642    .text               os_mutex.o
    0x0800de80   0x0800de80   0x00000070   Code   RO         1661    .text               os_prio.o
    0x0800def0   0x0800def0   0x00000514   Code   RO         1680    .text               os_q.o
    0x0800e404   0x0800e404   0x000004c0   Code   RO         1693    .text               os_sem.o
    0x0800e8c4   0x0800e8c4   0x00000c0c   Code   RO         1712    .text               os_task.o
    0x0800f4d0   0x0800f4d0   0x00000314   Code   RO         1724    .text               os_tick.o
    0x0800f7e4   0x0800f7e4   0x000002a4   Code   RO         1737    .text               os_time.o
    0x0800fa88   0x0800fa88   0x00000634   Code   RO         1749    .text               os_tmr.o
    0x080100bc   0x080100bc   0x00000260   Code   RO         1821    .text               os_cpu_c.o
    0x0801031c   0x0801031c   0x00000002   Code   RO         1865    .text               c_w.l(use_no_semi_2.o)
    0x0801031e   0x0801031e   0x000000ee   Code   RO         1867    .text               c_w.l(lludivv7m.o)
    0x0801040c   0x0801040c   0x00000048   Code   RO         1869    .text               c_w.l(llsdiv.o)
    0x08010454   0x08010454   0x00000018   Code   RO         1875    .text               c_w.l(noretval__2printf.o)
    0x0801046c   0x0801046c   0x00000028   Code   RO         1877    .text               c_w.l(noretval__2sprintf.o)
    0x08010494   0x08010494   0x00000052   Code   RO         1881    .text               c_w.l(_printf_str.o)
    0x080104e6   0x080104e6   0x00000002   PAD
    0x080104e8   0x080104e8   0x00000078   Code   RO         1883    .text               c_w.l(_printf_dec.o)
    0x08010560   0x08010560   0x0000010e   Code   RO         1914    .text               c_w.l(__printf_wp.o)
    0x0801066e   0x0801066e   0x00000048   Code   RO         1932    .text               c_w.l(strcpy.o)
    0x080106b6   0x080106b6   0x0000002a   Code   RO         1934    .text               c_w.l(strcasecmp.o)
    0x080106e0   0x080106e0   0x00000016   Code   RO         1936    .text               c_w.l(strrchr.o)
    0x080106f6   0x080106f6   0x0000003e   Code   RO         1938    .text               c_w.l(strlen.o)
    0x08010734   0x08010734   0x0000008a   Code   RO         1940    .text               c_w.l(rt_memcpy_v6.o)
    0x080107be   0x080107be   0x00000002   PAD
    0x080107c0   0x080107c0   0x00000080   Code   RO         1942    .text               c_w.l(strcmpv7m.o)
    0x08010840   0x08010840   0x00000006   Code   RO         1944    .text               c_w.l(heapauxi.o)
    0x08010846   0x08010846   0x00000002   Code   RO         2032    .text               c_w.l(use_no_semi.o)
    0x08010848   0x08010848   0x00000016   Code   RO         2039    .text               c_w.l(_rserrno.o)
    0x0801085e   0x0801085e   0x0000001a   Code   RO         2041    .text               c_w.l(tolower.o)
    0x08010878   0x08010878   0x000000b2   Code   RO         2043    .text               c_w.l(_printf_intcommon.o)
    0x0801092a   0x0801092a   0x0000041e   Code   RO         2045    .text               c_w.l(_printf_fp_dec.o)
    0x08010d48   0x08010d48   0x00000030   Code   RO         2047    .text               c_w.l(_printf_char_common.o)
    0x08010d78   0x08010d78   0x0000000a   Code   RO         2049    .text               c_w.l(_sputc.o)
    0x08010d82   0x08010d82   0x0000002c   Code   RO         2051    .text               c_w.l(_printf_char.o)
    0x08010dae   0x08010dae   0x00000002   PAD
    0x08010db0   0x08010db0   0x00000024   Code   RO         2053    .text               c_w.l(_printf_char_file.o)
    0x08010dd4   0x08010dd4   0x00000064   Code   RO         2056    .text               c_w.l(rt_memcpy_w.o)
    0x08010e38   0x08010e38   0x00000010   Code   RO         2133    .text               c_w.l(rt_ctype_table.o)
    0x08010e48   0x08010e48   0x00000008   Code   RO         2140    .text               c_w.l(rt_locale_intlibspace.o)
    0x08010e50   0x08010e50   0x00000008   Code   RO         2145    .text               c_w.l(rt_errno_addr_intlibspace.o)
    0x08010e58   0x08010e58   0x0000008a   Code   RO         2147    .text               c_w.l(lludiv10.o)
    0x08010ee2   0x08010ee2   0x00000002   PAD
    0x08010ee4   0x08010ee4   0x00000080   Code   RO         2149    .text               c_w.l(_printf_fp_infnan.o)
    0x08010f64   0x08010f64   0x000000e4   Code   RO         2153    .text               c_w.l(bigflt0.o)
    0x08011048   0x08011048   0x00000008   Code   RO         2178    .text               c_w.l(ferror.o)
    0x08011050   0x08011050   0x00000008   Code   RO         2191    .text               c_w.l(libspace.o)
    0x08011058   0x08011058   0x0000004a   Code   RO         2194    .text               c_w.l(sys_stackheap_outer.o)
    0x080110a2   0x080110a2   0x00000012   Code   RO         2199    .text               c_w.l(exit.o)
    0x080110b4   0x080110b4   0x0000003e   Code   RO         2156    CL$$btod_d2e        c_w.l(btod.o)
    0x080110f2   0x080110f2   0x00000046   Code   RO         2158    CL$$btod_d2e_denorm_low  c_w.l(btod.o)
    0x08011138   0x08011138   0x00000060   Code   RO         2157    CL$$btod_d2e_norm_op1  c_w.l(btod.o)
    0x08011198   0x08011198   0x00000338   Code   RO         2166    CL$$btod_div_common  c_w.l(btod.o)
    0x080114d0   0x080114d0   0x000000dc   Code   RO         2163    CL$$btod_e2e        c_w.l(btod.o)
    0x080115ac   0x080115ac   0x0000002a   Code   RO         2160    CL$$btod_ediv       c_w.l(btod.o)
    0x080115d6   0x080115d6   0x0000002a   Code   RO         2159    CL$$btod_emul       c_w.l(btod.o)
    0x08011600   0x08011600   0x00000244   Code   RO         2165    CL$$btod_mult_common  c_w.l(btod.o)
    0x08011844   0x08011844   0x000000ac   Code   RO         1845    CODE                os_cpu_a.o
    0x080118f0   0x080118f0   0x00000030   Code   RO         2113    i.__ARM_fpclassify  m_wm.l(fpclassify.o)
    0x08011920   0x08011920   0x00000360   Code   RO         1980    i.__hardfp_asin     m_wm.l(asin.o)
    0x08011c80   0x08011c80   0x000002d8   Code   RO         2079    i.__hardfp_atan     m_wm.l(atan.o)
    0x08011f58   0x08011f58   0x00000200   Code   RO         1994    i.__hardfp_atan2    m_wm.l(atan2.o)
    0x08012158   0x08012158   0x00000c50   Code   RO         2006    i.__hardfp_pow      m_wm.l(pow.o)
    0x08012da8   0x08012da8   0x0000007a   Code   RO         2020    i.__hardfp_sqrt     m_wm.l(sqrt.o)
    0x08012e22   0x08012e22   0x000000f8   Code   RO         2115    i.__kernel_poly     m_wm.l(poly.o)
    0x08012f1a   0x08012f1a   0x00000006   PAD
    0x08012f20   0x08012f20   0x00000030   Code   RO         2093    i.__mathlib_dbl_divzero  m_wm.l(dunder.o)
    0x08012f50   0x08012f50   0x00000014   Code   RO         2094    i.__mathlib_dbl_infnan  m_wm.l(dunder.o)
    0x08012f64   0x08012f64   0x00000014   Code   RO         2095    i.__mathlib_dbl_infnan2  m_wm.l(dunder.o)
    0x08012f78   0x08012f78   0x00000020   Code   RO         2096    i.__mathlib_dbl_invalid  m_wm.l(dunder.o)
    0x08012f98   0x08012f98   0x00000020   Code   RO         2097    i.__mathlib_dbl_overflow  m_wm.l(dunder.o)
    0x08012fb8   0x08012fb8   0x00000020   Code   RO         2099    i.__mathlib_dbl_underflow  m_wm.l(dunder.o)
    0x08012fd8   0x08012fd8   0x0000000e   Code   RO         1916    i._is_digit         c_w.l(__printf_wp.o)
    0x08012fe6   0x08012fe6   0x00000010   Code   RO         2081    i.atan              m_wm.l(atan.o)
    0x08012ff6   0x08012ff6   0x00000018   Code   RO         2109    i.fabs              m_wm.l(fabs.o)
    0x0801300e   0x0801300e   0x0000006e   Code   RO         2022    i.sqrt              m_wm.l(sqrt.o)
    0x0801307c   0x0801307c   0x0000002c   Code   RO         2183    locale$$code        c_w.l(lc_numeric_c.o)
    0x080130a8   0x080130a8   0x0000002c   Code   RO         2197    locale$$code        c_w.l(lc_ctype_c.o)
    0x080130d4   0x080130d4   0x00000018   Code   RO         2058    x$fpl$basic         fz_wm.l(basic.o)
    0x080130ec   0x080130ec   0x00000062   Code   RO         1948    x$fpl$d2f           fz_wm.l(d2f.o)
    0x0801314e   0x0801314e   0x00000002   PAD
    0x08013150   0x08013150   0x00000150   Code   RO         1950    x$fpl$dadd          fz_wm.l(daddsub_clz.o)
    0x080132a0   0x080132a0   0x00000010   Code   RO         2185    x$fpl$dcheck1       fz_wm.l(dcheck1.o)
    0x080132b0   0x080132b0   0x00000018   Code   RO         2187    x$fpl$dcmpinf       fz_wm.l(dcmpi.o)
    0x080132c8   0x080132c8   0x000002b0   Code   RO         1957    x$fpl$ddiv          fz_wm.l(ddiv.o)
    0x08013578   0x08013578   0x00000078   Code   RO         2060    x$fpl$deqf          fz_wm.l(deqf.o)
    0x080135f0   0x080135f0   0x0000005e   Code   RO         1960    x$fpl$dfix          fz_wm.l(dfix.o)
    0x0801364e   0x0801364e   0x00000002   PAD
    0x08013650   0x08013650   0x0000005a   Code   RO         1964    x$fpl$dfixu         fz_wm.l(dfixu.o)
    0x080136aa   0x080136aa   0x0000002e   Code   RO         1969    x$fpl$dflt          fz_wm.l(dflt_clz.o)
    0x080136d8   0x080136d8   0x00000026   Code   RO         1968    x$fpl$dfltu         fz_wm.l(dflt_clz.o)
    0x080136fe   0x080136fe   0x00000002   PAD
    0x08013700   0x08013700   0x00000078   Code   RO         2062    x$fpl$dleqf         fz_wm.l(dleqf.o)
    0x08013778   0x08013778   0x00000154   Code   RO         1974    x$fpl$dmul          fz_wm.l(dmul.o)
    0x080138cc   0x080138cc   0x0000009c   Code   RO         2064    x$fpl$dnaninf       fz_wm.l(dnaninf.o)
    0x08013968   0x08013968   0x0000000c   Code   RO         2066    x$fpl$dretinf       fz_wm.l(dretinf.o)
    0x08013974   0x08013974   0x0000006c   Code   RO         2068    x$fpl$drleqf        fz_wm.l(drleqf.o)
    0x080139e0   0x080139e0   0x00000016   Code   RO         1951    x$fpl$drsb          fz_wm.l(daddsub_clz.o)
    0x080139f6   0x080139f6   0x00000002   PAD
    0x080139f8   0x080139f8   0x00000198   Code   RO         2070    x$fpl$dsqrt         fz_wm.l(dsqrt_umaal.o)
    0x08013b90   0x08013b90   0x000001d4   Code   RO         1952    x$fpl$dsub          fz_wm.l(daddsub_clz.o)
    0x08013d64   0x08013d64   0x00000056   Code   RO         1976    x$fpl$f2d           fz_wm.l(f2d.o)
    0x08013dba   0x08013dba   0x0000008c   Code   RO         2072    x$fpl$fnaninf       fz_wm.l(fnaninf.o)
    0x08013e46   0x08013e46   0x0000000a   Code   RO         2268    x$fpl$fpinit        fz_wm.l(fpinit.o)
    0x08013e50   0x08013e50   0x0000000a   Code   RO         2074    x$fpl$fretinf       fz_wm.l(fretinf.o)
    0x08013e5a   0x08013e5a   0x00000004   Code   RO         1978    x$fpl$printf1       fz_wm.l(printf1.o)
    0x08013e5e   0x08013e5e   0x00000064   Code   RO         2256    x$fpl$retnan        fz_wm.l(retnan.o)
    0x08013ec2   0x08013ec2   0x0000005c   Code   RO         2076    x$fpl$scalbn        fz_wm.l(scalbn.o)
    0x08013f1e   0x08013f1e   0x00000030   Code   RO         2270    x$fpl$trapveneer    fz_wm.l(trapv.o)
    0x08013f4e   0x08013f4e   0x00000000   Code   RO         2078    x$fpl$usenofp       fz_wm.l(usenofp.o)
    0x08013f4e   0x08013f4e   0x00000002   PAD
    0x08013f50   0x08013f50   0x00000700   Data   RO          761    .constdata          crc_table.o
    0x08014650   0x08014650   0x00000070   Data   RO         1191    .constdata          exfuns.o
    0x080146c0   0x080146c0   0x0000003a   Data   RO         1285    .constdata          ff.o
    0x080146fa   0x080146fa   0x0002acc8   Data   RO         1301    .constdata          cc936.o
    0x0803f3c2   0x0803f3c2   0x00000002   PAD
    0x0803f3c4   0x0803f3c4   0x00000024   Data   RO         1332    .constdata          malloc.o
    0x0803f3e8   0x0803f3e8   0x00000100   Data   RO         1423    .constdata          cpu_core.o
    0x0803f4e8   0x0803f4e8   0x00000094   Data   RO         1507    .constdata          lib_str.o
    0x0803f57c   0x0803f57c   0x00000064   Data   RO         1535    .constdata          os_cfg_app.o
    0x0803f5e0   0x0803f5e0   0x00000050   Data   RO         1983    .constdata          m_wm.l(asin.o)
    0x0803f630   0x0803f630   0x00000088   Data   RO         2009    .constdata          m_wm.l(pow.o)
    0x0803f6b8   0x0803f6b8   0x00000098   Data   RO         2082    .constdata          m_wm.l(atan.o)
    0x0803f750   0x0803f750   0x00000008   Data   RO         2117    .constdata          m_wm.l(qnan.o)
    0x0803f758   0x0803f758   0x00000094   Data   RO         2154    .constdata          c_w.l(bigflt0.o)
    0x0803f7ec   0x0803f7ec   0x00000044   Data   RO         1192    .conststring        exfuns.o
    0x0803f830   0x0803f830   0x00000020   Data   RO         2337    Region$$Table       anon$$obj.o
    0x0803f850   0x0803f850   0x0000001c   Data   RO         2182    locale$$data        c_w.l(lc_numeric_c.o)
    0x0803f86c   0x0803f86c   0x00000110   Data   RO         2196    locale$$data        c_w.l(lc_ctype_c.o)


    Execution Region RW_IRAM1 (Exec base: 0x20000000, Load base: 0x0803f97c, Size: 0x0001d0e0, Max: 0x00020000, ABSOLUTE, COMPRESSED[0x00000054])

    Exec Addr    Load Addr    Size         Type   Attr      Idx    E Section Name        Object

    0x20000000   COMPRESSED   0x00000060   Data   RW            7    .data               main.o
    0x20000060   COMPRESSED   0x00000014   Data   RW          304    .data               system_stm32f4xx.o
    0x20000074   COMPRESSED   0x00000054   Data   RW          428    .data               control.o
    0x200000c8   COMPRESSED   0x00000008   Data   RW          490    .data               led.o
    0x200000d0   COMPRESSED   0x00000010   Data   RW          558    .data               sdio_sdcard.o
    0x200000e0   COMPRESSED   0x00000002   Data   RW          631    .data               adc.o
    0x200000e2   COMPRESSED   0x00000002   PAD
    0x200000e4   COMPRESSED   0x00000024   Data   RW          678    .data               elrs.o
    0x20000108   COMPRESSED   0x00000004   Data   RW          705    .data               imu_uart.o
    0x2000010c   COMPRESSED   0x0000000c   Data   RW          732    .data               fdilink.o
    0x20000118   COMPRESSED   0x00000004   Data   RW          779    .data               gnss.o
    0x2000011c   COMPRESSED   0x00000010   Data   RW          890    .data               stm32f4xx_rcc.o
    0x2000012c   COMPRESSED   0x00000004   Data   RW         1119    .data               delay.o
    0x20000130   COMPRESSED   0x00000005   Data   RW         1160    .data               usart.o
    0x20000135   COMPRESSED   0x00000003   PAD
    0x20000138   COMPRESSED   0x00000004   Data   RW         1161    .data               usart.o
    0x2000013c   COMPRESSED   0x0000000c   Data   RW         1193    .data               exfuns.o
    0x20000148   COMPRESSED   0x00000004   Data   RW         1195    .data               exfuns.o
    0x2000014c   COMPRESSED   0x00000002   Data   RW         1286    .data               ff.o
    0x2000014e   COMPRESSED   0x00000002   PAD
    0x20000150   COMPRESSED   0x00000024   Data   RW         1333    .data               malloc.o
    0x20000174   COMPRESSED   0x00000004   Data   RW         1425    .data               cpu_core.o
    0x20000178   COMPRESSED   0x00000004   Data   RW         1489    .data               lib_mem.o
    0x2000017c   COMPRESSED   0x00000008   Data   RW         1662    .data               os_prio.o
    0x20000184   COMPRESSED   0x00000004   Data   RW         1766    .data               os_var.o
    0x20000188   COMPRESSED   0x00000004   Data   RW         1767    .data               os_var.o
    0x2000018c   COMPRESSED   0x00000004   Data   RW         1768    .data               os_var.o
    0x20000190   COMPRESSED   0x00000004   Data   RW         1769    .data               os_var.o
    0x20000194   COMPRESSED   0x00000004   Data   RW         1770    .data               os_var.o
    0x20000198   COMPRESSED   0x00000004   Data   RW         1771    .data               os_var.o
    0x2000019c   COMPRESSED   0x00000004   Data   RW         1772    .data               os_var.o
    0x200001a0   COMPRESSED   0x00000004   Data   RW         1773    .data               os_var.o
    0x200001a4   COMPRESSED   0x00000001   Data   RW         1774    .data               os_var.o
    0x200001a5   COMPRESSED   0x00000001   Data   RW         1775    .data               os_var.o
    0x200001a6   COMPRESSED   0x00000002   PAD
    0x200001a8   COMPRESSED   0x00000004   Data   RW         1776    .data               os_var.o
    0x200001ac   COMPRESSED   0x00000002   Data   RW         1777    .data               os_var.o
    0x200001ae   COMPRESSED   0x00000002   PAD
    0x200001b0   COMPRESSED   0x00000004   Data   RW         1778    .data               os_var.o
    0x200001b4   COMPRESSED   0x00000002   Data   RW         1779    .data               os_var.o
    0x200001b6   COMPRESSED   0x00000002   PAD
    0x200001b8   COMPRESSED   0x00000004   Data   RW         1780    .data               os_var.o
    0x200001bc   COMPRESSED   0x00000002   Data   RW         1781    .data               os_var.o
    0x200001be   COMPRESSED   0x00000001   Data   RW         1782    .data               os_var.o
    0x200001bf   COMPRESSED   0x00000001   Data   RW         1783    .data               os_var.o
    0x200001c0   COMPRESSED   0x00000001   Data   RW         1784    .data               os_var.o
    0x200001c1   COMPRESSED   0x00000003   PAD
    0x200001c4   COMPRESSED   0x00000004   Data   RW         1785    .data               os_var.o
    0x200001c8   COMPRESSED   0x00000002   Data   RW         1786    .data               os_var.o
    0x200001ca   COMPRESSED   0x00000002   PAD
    0x200001cc   COMPRESSED   0x00000004   Data   RW         1787    .data               os_var.o
    0x200001d0   COMPRESSED   0x00000004   Data   RW         1788    .data               os_var.o
    0x200001d4   COMPRESSED   0x00000004   Data   RW         1789    .data               os_var.o
    0x200001d8   COMPRESSED   0x00000001   Data   RW         1790    .data               os_var.o
    0x200001d9   COMPRESSED   0x00000003   PAD
    0x200001dc   COMPRESSED   0x00000004   Data   RW         1791    .data               os_var.o
    0x200001e0   COMPRESSED   0x00000002   Data   RW         1792    .data               os_var.o
    0x200001e2   COMPRESSED   0x00000002   PAD
    0x200001e4   COMPRESSED   0x00000004   Data   RW         1793    .data               os_var.o
    0x200001e8   COMPRESSED   0x00000004   Data   RW         1794    .data               os_var.o
    0x200001ec   COMPRESSED   0x00000002   Data   RW         1795    .data               os_var.o
    0x200001ee   COMPRESSED   0x00000001   Data   RW         1796    .data               os_var.o
    0x200001ef   COMPRESSED   0x00000001   PAD
    0x200001f0   COMPRESSED   0x00000004   Data   RW         1797    .data               os_var.o
    0x200001f4   COMPRESSED   0x00000004   Data   RW         1798    .data               os_var.o
    0x200001f8   COMPRESSED   0x00000004   Data   RW         1799    .data               os_var.o
    0x200001fc   COMPRESSED   0x00000002   Data   RW         1800    .data               os_var.o
    0x200001fe   COMPRESSED   0x00000002   PAD
    0x20000200   COMPRESSED   0x00000004   Data   RW         1801    .data               os_var.o
    0x20000204   COMPRESSED   0x00000004   Data   RW         1802    .data               os_var.o
    0x20000208   COMPRESSED   0x00000004   Data   RW         1803    .data               os_var.o
    0x2000020c   COMPRESSED   0x00000004   Data   RW         1804    .data               os_var.o
    0x20000210   COMPRESSED   0x00000004   Data   RW         1805    .data               os_var.o
    0x20000214   COMPRESSED   0x00000004   Data   RW         1806    .data               os_var.o
    0x20000218   COMPRESSED   0x00000004   Data   RW         1822    .data               os_cpu_c.o
    0x2000021c        -       0x00001588   Zero   RW            4    .bss                main.o
    0x200017a4        -       0x00000194   Zero   RW          427    .bss                control.o
    0x20001938        -       0x000002c0   Zero   RW          557    .bss                sdio_sdcard.o
    0x20001bf8        -       0x0000002c   Zero   RW          606    .bss                spl06_001.o
    0x20001c24        -       0x00002ee0   Zero   RW          630    .bss                adc.o
    0x20004b04        -       0x0000001a   Zero   RW          677    .bss                elrs.o
    0x20004b1e   COMPRESSED   0x00000002   PAD
    0x20004b20        -       0x00000230   Zero   RW          704    .bss                imu_uart.o
    0x20004d50        -       0x000001b4   Zero   RW          731    .bss                fdilink.o
    0x20004f04        -       0x0000084c   Zero   RW          778    .bss                gnss.o
    0x20005750        -       0x000000fa   Zero   RW         1159    .bss                usart.o
    0x2000584a   COMPRESSED   0x00000002   PAD
    0x2000584c        -       0x0000000c   Zero   RW         1188    .bss                exfuns.o
    0x20005858        -       0x0000000c   Zero   RW         1284    .bss                ff.o
    0x20005864   COMPRESSED   0x0000001c   PAD
    0x20005880        -       0x0000f000   Zero   RW         1330    .bss                malloc.o
    0x20014880        -       0x00000f00   Zero   RW         1331    .bss                malloc.o
    0x20015780        -       0x00000010   Zero   RW         1422    .bss                cpu_core.o
    0x20015790        -       0x00000448   Zero   RW         1488    .bss                lib_mem.o
    0x20015bd8        -       0x00000200   Zero   RW         1528    .bss                os_cfg_app.o
    0x20015dd8        -       0x00000200   Zero   RW         1529    .bss                os_cfg_app.o
    0x20015fd8        -       0x00000640   Zero   RW         1530    .bss                os_cfg_app.o
    0x20016618        -       0x00000200   Zero   RW         1531    .bss                os_cfg_app.o
    0x20016818        -       0x00000088   Zero   RW         1532    .bss                os_cfg_app.o
    0x200168a0        -       0x00000200   Zero   RW         1533    .bss                os_cfg_app.o
    0x20016aa0        -       0x00000088   Zero   RW         1534    .bss                os_cfg_app.o
    0x20016b28        -       0x000000c4   Zero   RW         1761    .bss                os_var.o
    0x20016bec        -       0x0000000c   Zero   RW         1762    .bss                os_var.o
    0x20016bf8        -       0x00000300   Zero   RW         1763    .bss                os_var.o
    0x20016ef8        -       0x000000c4   Zero   RW         1764    .bss                os_var.o
    0x20016fbc        -       0x000000c4   Zero   RW         1765    .bss                os_var.o
    0x20017080        -       0x00000060   Zero   RW         2192    .bss                c_w.l(libspace.o)
    0x200170e0        -       0x00002000   Zero   RW          815    HEAP                startup_stm32f40_41xxx.o
    0x200190e0        -       0x00004000   Zero   RW          814    STACK               startup_stm32f40_41xxx.o



  Load Region LR$$.ARM.__AT_0x10000000 (Base: 0x10000000, Size: 0x00000000, Max: 0x0000f000, ABSOLUTE)

    Execution Region ER$$.ARM.__AT_0x10000000 (Exec base: 0x10000000, Load base: 0x10000000, Size: 0x0000f000, Max: 0x0000f000, ABSOLUTE, UNINIT)

    Exec Addr    Load Addr    Size         Type   Attr      Idx    E Section Name        Object

    0x10000000        -       0x0000f000   Zero   RW         1326    .ARM.__AT_0x10000000  malloc.o



  Load Region LR$$.ARM.__AT_0x1000F000 (Base: 0x1000f000, Size: 0x00000000, Max: 0x00000f00, ABSOLUTE)

    Execution Region ER$$.ARM.__AT_0x1000F000 (Exec base: 0x1000f000, Load base: 0x1000f000, Size: 0x00000f00, Max: 0x00000f00, ABSOLUTE, UNINIT)

    Exec Addr    Load Addr    Size         Type   Attr      Idx    E Section Name        Object

    0x1000f000        -       0x00000f00   Zero   RW         1327    .ARM.__AT_0x1000F000  malloc.o



  Load Region LR$$.ARM.__AT_0x68000000 (Base: 0x68000000, Size: 0x00000000, Max: 0x000f0000, ABSOLUTE)

    Execution Region ER$$.ARM.__AT_0x68000000 (Exec base: 0x68000000, Load base: 0x68000000, Size: 0x000f0000, Max: 0x000f0000, ABSOLUTE, UNINIT)

    Exec Addr    Load Addr    Size         Type   Attr      Idx    E Section Name        Object

    0x68000000        -       0x000f0000   Zero   RW         1328    .ARM.__AT_0x68000000  malloc.o



  Load Region LR$$.ARM.__AT_0x680F0000 (Base: 0x680f0000, Size: 0x00000000, Max: 0x0000f000, ABSOLUTE)

    Execution Region ER$$.ARM.__AT_0x680F0000 (Exec base: 0x680f0000, Load base: 0x680f0000, Size: 0x0000f000, Max: 0x0000f000, ABSOLUTE, UNINIT)

    Exec Addr    Load Addr    Size         Type   Attr      Idx    E Section Name        Object

    0x680f0000        -       0x0000f000   Zero   RW         1329    .ARM.__AT_0x680F0000  malloc.o


==============================================================================

Image component sizes


      Code (inc. data)   RO Data    RW Data    ZI Data      Debug   Object Name

       388         30          0          2      12000       2045   adc.o
      1572         12          0          0          0       6254   ano_tc.o
       104         14          0          0          0       2001   bsp.o
       112         16     175304          0          0       2425   cc936.o
      6042        126          0         84        404      11196   control.o
        52          0          0          0          0        356   cpu_a.o
         0          0          0          0          0      18420   cpu_c.o
       444         12        256          4         16      14697   cpu_core.o
       112         14       1792          0          0       2199   crc_table.o
       248         26          0          4          0       1541   delay.o
       192          6          0          0          0       3777   diskio.o
       572         20          0         36         26       2513   elrs.o
       296         14        180         16         12       5638   exfuns.o
       912        130          0         12        436      17528   fdilink.o
     10664        140         58          2         12      38536   ff.o
       536         32          0          4       2124       2581   gnss.o
       836          8          0          0          0       4725   iic.o
      1124        126          0          4        560       4611   imu_uart.o
       376         22          0          8          0       1622   led.o
       346          0          0          0          0       4670   lib_ascii.o
      1640         26          0          4       1096      22660   lib_mem.o
       544          0          0          0          0        504   lib_mem_a.o
      1448          4        148          0          0      12900   lib_str.o
      2620        716          0         96       5512     389599   main.o
       452         10         36         36    1175040       5407   malloc.o
       176         12          0          0          0     247881   misc.o
      1684        102          0          0          0       5374   nmea0183.o
         2          0        100          0       3920      19341   os_cfg_app.o
      2358        200          0          0          0      12370   os_core.o
       172         32          0          0          0        424   os_cpu_a.o
       608         66          0          4          0       4229   os_cpu_c.o
         2          0          0          0          0        542   os_dbg.o
      1636         70          0          0          0       8189   os_flag.o
       340         16          0          0          0       2912   os_mem.o
       388         14          0          0          0       3379   os_msg.o
      1408         80          0          0          0       5992   os_mutex.o
       112          6          0          8          0       2220   os_prio.o
      1300         52          0          0          0       6638   os_q.o
      1216         58          0          0          0       6618   os_sem.o
      3084        150          0          0          0      14038   os_task.o
       788         72          0          0          0       3943   os_tick.o
       676         46          0          0          0       3509   os_time.o
      1588        126          0          0          0       7066   os_tmr.o
         0          0          0        129       1368      17548   os_var.o
       684         22          0          0          0       1716   pwm.o
      6328        310          0         16        704      26784   sdio_sdcard.o
      1218         34          0          0         44       8479   spl06_001.o
        64         26        392          0      24576        864   startup_stm32f40_41xxx.o
       852         20          0          0          0      11262   stm32f4xx_adc.o
       800         32          0          0          0       7309   stm32f4xx_dma.o
       224         10          0          0          0       2743   stm32f4xx_exti.o
       524         44          0          0          0       4813   stm32f4xx_gpio.o
        14          0          0          0          0       1123   stm32f4xx_it.o
        60          6          0          0          0       1465   stm32f4xx_iwdg.o
      1152         48          0         16          0      13728   stm32f4xx_rcc.o
       440         14          0          0          0       7876   stm32f4xx_sdio.o
       124         16          0          0          0       1985   stm32f4xx_syscfg.o
      2524         52          0          0          0      24342   stm32f4xx_tim.o
       856         32          0          0          0       8636   stm32f4xx_usart.o
        16          0          0          0          0        536   sys.o
       380         36          0         20          0      72195   system_stm32f4xx.o
       356         18          0          9        250       4120   usart.o
        42          0          0          0          0        730   wdg.o

    ----------------------------------------------------------------------
     65840       3326     178300        540    1228132    1151324   Object Totals
         0          0         32          0          0          0   (incl. Generated)
        12          0          2         26         32          0   (incl. Padding)

    ----------------------------------------------------------------------

      Code (inc. data)   RO Data    RW Data    ZI Data      Debug   Library Member Name

        90          0          0          0          0          0   __dczerorl2.o
         8          0          0          0          0         68   __main.o
       284          0          0          0          0        156   __printf_wp.o
         0          0          0          0          0          0   __rtentry.o
        12          0          0          0          0          0   __rtentry2.o
         6          0          0          0          0          0   __rtentry4.o
        52          8          0          0          0          0   __scatter.o
        28          0          0          0          0          0   __scatter_zi.o
        44          0          0          0          0        108   _printf_char.o
        48          6          0          0          0         96   _printf_char_common.o
        36          4          0          0          0         80   _printf_char_file.o
         6          0          0          0          0          0   _printf_d.o
       120         16          0          0          0         92   _printf_dec.o
         6          0          0          0          0          0   _printf_f.o
      1054          0          0          0          0        216   _printf_fp_dec.o
       128         16          0          0          0         84   _printf_fp_infnan.o
       178          0          0          0          0         88   _printf_intcommon.o
         0          0          0          0          0          0   _printf_percent.o
         4          0          0          0          0          0   _printf_percent_end.o
         6          0          0          0          0          0   _printf_s.o
        82          0          0          0          0         80   _printf_str.o
        22          0          0          0          0        100   _rserrno.o
        10          0          0          0          0         68   _sputc.o
       228          4        148          0          0         96   bigflt0.o
      1936        128          0          0          0        672   btod.o
        18          0          0          0          0         80   exit.o
         8          0          0          0          0         68   ferror.o
         6          0          0          0          0        152   heapauxi.o
        44         10        272          0          0         76   lc_ctype_c.o
        44         10         28          0          0         76   lc_numeric_c.o
         2          0          0          0          0          0   libinit.o
        34          0          0          0          0          0   libinit2.o
         2          0          0          0          0          0   libshutdown.o
         2          0          0          0          0          0   libshutdown2.o
         8          4          0          0         96         68   libspace.o
        72          0          0          0          0         76   llsdiv.o
       138          0          0          0          0         80   lludiv10.o
       238          0          0          0          0        100   lludivv7m.o
        24          4          0          0          0         84   noretval__2printf.o
        40          6          0          0          0         84   noretval__2sprintf.o
        16          4          0          0          0         76   rt_ctype_table.o
         8          4          0          0          0         68   rt_errno_addr_intlibspace.o
         8          4          0          0          0         68   rt_locale_intlibspace.o
       138          0          0          0          0         68   rt_memcpy_v6.o
       100          0          0          0          0         80   rt_memcpy_w.o
         2          0          0          0          0          0   rtexit.o
        10          0          0          0          0          0   rtexit2.o
        42          0          0          0          0         84   strcasecmp.o
       128          0          0          0          0         68   strcmpv7m.o
        72          0          0          0          0         80   strcpy.o
        62          0          0          0          0         76   strlen.o
        22          0          0          0          0         68   strrchr.o
        74          0          0          0          0         80   sys_stackheap_outer.o
        26          0          0          0          0         76   tolower.o
         2          0          0          0          0         68   use_no_semi.o
         2          0          0          0          0         68   use_no_semi_2.o
        24          0          0          0          0        164   basic.o
        98          4          0          0          0        140   d2f.o
       826         16          0          0          0        492   daddsub_clz.o
        16          4          0          0          0        116   dcheck1.o
        24          0          0          0          0        116   dcmpi.o
       688        140          0          0          0        256   ddiv.o
       120          4          0          0          0        140   deqf.o
        94          4          0          0          0        140   dfix.o
        90          4          0          0          0        140   dfixu.o
        84          0          0          0          0        232   dflt_clz.o
       120          4          0          0          0        140   dleqf.o
       340         12          0          0          0        152   dmul.o
       156          4          0          0          0        140   dnaninf.o
        12          0          0          0          0        116   dretinf.o
       108          0          0          0          0        128   drleqf.o
       408         56          0          0          0        168   dsqrt_umaal.o
        86          4          0          0          0        132   f2d.o
       140          4          0          0          0        132   fnaninf.o
        10          0          0          0          0        116   fpinit.o
        10          0          0          0          0        116   fretinf.o
         4          0          0          0          0        116   printf1.o
       100          0          0          0          0        116   retnan.o
        92          0          0          0          0        116   scalbn.o
        48          0          0          0          0        116   trapv.o
         0          0          0          0          0          0   usenofp.o
       864         94         80          0          0        280   asin.o
       744        106        152          0          0        352   atan.o
       512         64          0          0          0        208   atan2.o
       184         44          0          0          0        744   dunder.o
        24          0          0          0          0        124   fabs.o
        48          0          0          0          0        124   fpclassify.o
       248          0          0          0          0        152   poly.o
      3152        296        136          0          0        352   pow.o
         0          0          8          0          0          0   qnan.o
       232          0          0          0          0        296   sqrt.o

    ----------------------------------------------------------------------
     15512       1092        824          0         96      10348   Library Totals
        26          0          0          0          0          0   (incl. Padding)

    ----------------------------------------------------------------------

      Code (inc. data)   RO Data    RW Data    ZI Data      Debug   Library Name

      5780        228        448          0         96       3976   c_w.l
      3698        260          0          0          0       3740   fz_wm.l
      6008        604        376          0          0       2632   m_wm.l

    ----------------------------------------------------------------------
     15512       1092        824          0         96      10348   Library Totals

    ----------------------------------------------------------------------

==============================================================================


      Code (inc. data)   RO Data    RW Data    ZI Data      Debug   

     81352       4418     179124        540    1228228    1141484   Grand Totals
     81352       4418     179124         84    1228228    1141484   ELF Image Totals (compressed)
     81352       4418     179124         84          0          0   ROM Totals

==============================================================================

    Total RO  Size (Code + RO Data)               260476 ( 254.37kB)
    Total RW  Size (RW Data + ZI Data)           1228768 (1199.97kB)
    Total ROM Size (Code + RO Data + RW Data)     260560 ( 254.45kB)

==============================================================================

