<html>
<body>
<pre>
<h1>µVision Build Log</h1>
<h2>Tool Versions:</h2>
IDE-Version: ¦ÌVision V5.36.0.0
Copyright (C) 2021 ARM Ltd and ARM Germany GmbH. All rights reserved.
License Information: lunyong li, NPU, LIC=HN0AE-54IVD-BSYYX-H91TI-E6BJ7-54QRT
 
Tool Versions:
Toolchain:       MDK-ARM Plus  Version: 5.36.0.0
Toolchain Path:  G:\Keil_v5\ARM\ARMCC\Bin
C Compiler:      Armcc.exe V5.06 update 7 (build 960)
Assembler:       Armasm.exe V5.06 update 7 (build 960)
Linker/Locator:  ArmLink.exe V5.06 update 7 (build 960)
Library Manager: ArmAr.exe V5.06 update 7 (build 960)
Hex Converter:   FromElf.exe V5.06 update 7 (build 960)
CPU DLL:         SARMCM3.DLL V5.36.0.0
Dialog DLL:      DCM.DLL V1.17.3.0
Target DLL:      STLink\ST-LINKIII-KEIL_SWO.dll V3.0.9.0
Dialog DLL:      TCM.DLL V1.53.0.0
 
<h2>Project:</h2>
G:\360MoveData\Users\Administrator.DESKTOP-7BG1LJ1\Desktop\7_UCOS_FLY\USER\Flight.uvprojx
Project File Date:  05/14/2025

<h2>Output:</h2>
*** Using Compiler 'V5.06 update 7 (build 960)', folder: 'G:\Keil_v5\ARM\ARMCC\Bin'
Build target 'FLY'
compiling pwm.c...
compiling system_stm32f4xx.c...
compiling ANO_TC.c...
compiling led.c...
compiling wdg.c...
compiling IIC.c...
compiling main.c...
main.c(276): warning:  #177-D: variable "err"  was declared but never referenced
  	OS_ERR err;
main.c(398): warning:  #550-D: variable "res"  was set but never used
  	FRESULT res;
main.c: 2 warnings, 0 errors
compiling control.c...
compiling sdio_sdcard.c...
compiling SPL06_001.c...
compiling CRC_Table.c...
compiling adc.c...
compiling distance.c...
compiling FDILink.c...
assembling startup_stm32f40_41xxx.s...
compiling NMEA0183.c...
..\HARDWARE\GNSS\NMEA0183.c(234): warning:  #1035-D: single-precision operand implicitly converted to double-precision
  			pnmea->new_latitude = (float)( ((unsigned int)pnmea->new_latitude) + (pnmea->new_latitude-((unsigned int)pnmea->new_latitude))/0.6 );  //deg
..\HARDWARE\GNSS\NMEA0183.c(244): warning:  #1035-D: single-precision operand implicitly converted to double-precision
  			pnmea->new_longitude = (float)(( (unsigned int)pnmea->new_longitude) + (pnmea->new_longitude-((unsigned int)pnmea->new_longitude))/0.6);  //deg
..\HARDWARE\GNSS\NMEA0183.c(338): warning:  #68-D: integer conversion resulted in a change of sign
  		nega = -1;
..\HARDWARE\GNSS\NMEA0183.c(348): warning:  #514-D: pointless comparison of unsigned integer with a negative constant
  	if( -1==nega )
..\HARDWARE\GNSS\NMEA0183.c(379): warning:  #68-D: integer conversion resulted in a change of sign
  		nega = -1;
..\HARDWARE\GNSS\NMEA0183.c(403): warning:  #514-D: pointless comparison of unsigned integer with a negative constant
  	if( -1==nega )
..\HARDWARE\GNSS\NMEA0183.c(417): warning:  #177-D: variable "fvalue"  was declared but never referenced
  	double fvalue = 0.0;
..\HARDWARE\GNSS\NMEA0183.c(494): warning:  #550-D: variable "msec"  was set but never used
      unsigned short int msec;
..\HARDWARE\GNSS\NMEA0183.c(484): warning:  #177-D: function "int_to_string"  was declared but never referenced
  static unsigned char int_to_string(int value, char* pdest, unsigned int intgr) 
..\HARDWARE\GNSS\NMEA0183.c: 9 warnings, 0 errors
compiling ELRS.c...
compiling IMU_UART.c...
compiling GNSS.c...
compiling stm32f4xx_gpio.c...
compiling stm32f4xx_syscfg.c...
compiling misc.c...
compiling stm32f4xx_rcc.c...
compiling stm32f4xx_usart.c...
compiling stm32f4xx_fsmc.c...
compiling stm32f4xx_iwdg.c...
compiling stm32f4xx_exti.c...
compiling stm32f4xx_sdio.c...
compiling stm32f4xx_tim.c...
compiling stm32f4xx_dma.c...
compiling stm32f4xx_it.c...
compiling sys.c...
compiling stm32f4xx_adc.c...
compiling exfuns.c...
compiling delay.c...
compiling usart.c...
compiling cc936.c...
compiling fattester.c...
compiling cpu_c.c...
compiling ff.c...
compiling cpu_core.c...
assembling cpu_a.asm...
compiling diskio.c...
compiling lib_math.c...
compiling lib_ascii.c...
compiling malloc.c...
assembling lib_mem_a.asm...
compiling lib_mem.c...
compiling bsp.c...
compiling lib_str.c...
compiling os_cfg_app.c...
compiling os_dbg.c...
compiling os_core.c...
compiling os_int.c...
compiling os_flag.c...
compiling os_mem.c...
compiling os_msg.c...
compiling os_mutex.c...
compiling os_pend_multi.c...
compiling os_prio.c...
compiling os_q.c...
compiling os_sem.c...
compiling os_stat.c...
compiling os_tick.c...
compiling os_time.c...
compiling os_task.c...
compiling os_var.c...
compiling os_tmr.c...
assembling os_cpu_a.asm...
compiling os_app_hooks.c...
compiling os_cpu_c.c...
linking...
Program Size: Code=81352 RO-data=179124 RW-data=540 ZI-data=1228228  
FromELF: creating hex file...
"..\OBJ\fly.axf" - 0 Error(s), 11 Warning(s).

<h2>Software Packages used:</h2>

Package Vendor: Keil
                http://www.keil.com/pack/Keil.STM32F4xx_DFP.2.15.0.pack
                Keil.STM32F4xx_DFP.2.15.0
                STMicroelectronics STM32F4 Series Device Support, Drivers and Examples

<h2>Collection of Component include folders:</h2>
  G:\Keil_v5\Packs\Keil\STM32F4xx_DFP\2.15.0\Drivers\CMSIS\Device\ST\STM32F4xx\Include

<h2>Collection of Component Files used:</h2>
Build Time Elapsed:  00:00:10
</pre>
</body>
</html>
